0 verbose cli C:\nvm4w\nodejs\node.exe C:\Users\Chrislove Nestor\AppData\Roaming\npm\node_modules\npm\bin\npm-cli.js
1 info using npm@11.16.0
2 info using node@v22.18.0
3 silly config load:file:C:\Users\Chrislove Nestor\AppData\Roaming\npm\node_modules\npm\npmrc
4 silly config load:file:E:\ci-demo\.npmrc
5 silly config load:file:C:\Users\Chrislove Nestor\.npmrc
6 silly config load:file:C:\Users\Chrislove Nestor\AppData\Roaming\npm\etc\npmrc
7 verbose title npm exec plugins add vercel/vercel-plugin
8 verbose argv "exec" "--" "plugins" "add" "vercel/vercel-plugin"
9 verbose logfile logs-max:10 dir:E:\ci-demo\%LocalAppData%\npm-cache\_logs\2026-06-12T09_39_25_937Z-
10 verbose logfile E:\ci-demo\%LocalAppData%\npm-cache\_logs\2026-06-12T09_39_25_937Z-debug-0.log
11 silly logfile done cleaning log files
12 silly packumentCache heap:2154299392 maxSize:538574848 maxEntrySize:269287424
13 verbose shrinkwrap failed to load node_modules/.package-lock.json out of date, updated: node_modules
14 http fetch GET 200 https://registry.npmjs.org/plugins 5470ms (cache miss)
15 silly packumentCache heap:2154299392 maxSize:538574848 maxEntrySize:269287424
16 silly packumentCache heap:2154299392 maxSize:538574848 maxEntrySize:269287424
17 silly idealTree buildDeps
18 silly fetch manifest plugins@1.3.1
19 silly packumentCache full:https://registry.npmjs.org/plugins cache-miss
20 http fetch GET 200 https://registry.npmjs.org/plugins 575ms (cache miss)
21 silly packumentCache full:https://registry.npmjs.org/plugins set size:undefined disposed:false
22 silly placeDep ROOT plugins@1.3.1 OK for:  want: 1.3.1
23 silly reify moves {}
24 silly audit bulk request { plugins: [ '1.3.1' ] }
25 http cache plugins@https://registry.npmjs.org/plugins/-/plugins-1.3.1.tgz 1ms (cache hit)
26 silly tarball no local data for plugins@https://registry.npmjs.org/plugins/-/plugins-1.3.1.tgz. Extracting by manifest.
27 http fetch POST 200 https://registry.npmjs.org/-/npm/v1/security/advisories/bulk 330ms
28 silly audit report {}
29 http fetch GET 200 https://registry.npmjs.org/plugins/-/plugins-1.3.1.tgz 679ms (cache miss)
30 verbose cwd E:\ci-demo
31 verbose os Windows_NT 10.0.19045
32 verbose node v22.18.0
33 verbose npm  v11.16.0
34 verbose exit 1
35 verbose code 1
