0 verbose cli C:\nvm4w\nodejs\node.exe C:\nvm4w\nodejs\node_modules\npm\bin\npm-cli.js
1 info using npm@10.9.3
2 info using node@v22.18.0
3 silly config load:file:C:\Users\Chrislove Nestor\AppData\Local\nvm\v22.18.0\node_modules\npm\npmrc
4 silly config load:file:E:\ci-demo\.npmrc
5 silly config load:file:C:\Users\Chrislove Nestor\.npmrc
6 silly config load:file:C:\Users\Chrislove Nestor\AppData\Roaming\npm\etc\npmrc
7 verbose title npm install
8 verbose argv "install"
9 verbose logfile logs-max:10 dir:E:\ci-demo\%LocalAppData%\npm-cache\_logs\2026-06-11T17_51_24_939Z-
10 verbose logfile E:\ci-demo\%LocalAppData%\npm-cache\_logs\2026-06-11T17_51_24_939Z-debug-0.log
11 silly logfile done cleaning log files
12 silly packumentCache heap:2154299392 maxSize:538574848 maxEntrySize:269287424
13 silly idealTree buildDeps
14 silly fetch manifest react@^18.2.0
15 silly packumentCache full:https://registry.npmjs.org/react cache-miss
16 http fetch GET 200 https://registry.npmjs.org/npm 1212ms
17 http fetch GET 200 https://registry.npmjs.org/react 1727ms (cache miss)
18 silly packumentCache full:https://registry.npmjs.org/react set size:undefined disposed:false
19 silly fetch manifest react-dom@^18.2.0
20 silly packumentCache full:https://registry.npmjs.org/react-dom cache-miss
21 http fetch GET 200 https://registry.npmjs.org/react-dom 572ms (cache miss)
22 silly packumentCache full:https://registry.npmjs.org/react-dom set size:undefined disposed:false
23 silly fetch manifest @vitejs/plugin-react@^4.0.0
24 silly packumentCache full:https://registry.npmjs.org/@vitejs%2fplugin-react cache-miss
25 http fetch GET 200 https://registry.npmjs.org/@vitejs%2fplugin-react 193ms (cache miss)
26 silly packumentCache full:https://registry.npmjs.org/@vitejs%2fplugin-react set size:undefined disposed:false
27 silly fetch manifest vite@^5.0.0
28 silly packumentCache full:https://registry.npmjs.org/vite cache-miss
29 http fetch GET 200 https://registry.npmjs.org/vite 1890ms (cache miss)
30 silly packumentCache full:https://registry.npmjs.org/vite set size:undefined disposed:false
31 silly fetch manifest @types/node@^18.0.0 || >=20.0.0
32 silly packumentCache full:https://registry.npmjs.org/@types%2fnode cache-miss
33 http fetch GET 200 https://registry.npmjs.org/@types%2fnode 479ms (cache miss)
34 silly packumentCache full:https://registry.npmjs.org/@types%2fnode set size:undefined disposed:false
35 silly fetch manifest less@*
36 silly packumentCache full:https://registry.npmjs.org/less cache-miss
37 http fetch GET 200 https://registry.npmjs.org/less 195ms (cache miss)
38 silly packumentCache full:https://registry.npmjs.org/less set size:undefined disposed:false
39 silly fetch manifest lightningcss@^1.21.0
40 silly packumentCache full:https://registry.npmjs.org/lightningcss cache-miss
41 http fetch GET 200 https://registry.npmjs.org/lightningcss 148ms (cache miss)
42 silly packumentCache full:https://registry.npmjs.org/lightningcss set size:undefined disposed:false
43 silly fetch manifest sass@*
44 silly packumentCache full:https://registry.npmjs.org/sass cache-miss
45 http fetch GET 200 https://registry.npmjs.org/sass 227ms (cache miss)
46 silly packumentCache full:https://registry.npmjs.org/sass set size:undefined disposed:false
47 silly fetch manifest sass-embedded@*
48 silly packumentCache full:https://registry.npmjs.org/sass-embedded cache-miss
49 http fetch GET 200 https://registry.npmjs.org/sass-embedded 309ms (cache miss)
50 silly packumentCache full:https://registry.npmjs.org/sass-embedded set size:undefined disposed:false
51 silly fetch manifest stylus@*
52 silly packumentCache full:https://registry.npmjs.org/stylus cache-miss
53 http fetch GET 200 https://registry.npmjs.org/stylus 166ms (cache miss)
54 silly packumentCache full:https://registry.npmjs.org/stylus set size:undefined disposed:false
55 silly fetch manifest sugarss@*
56 silly packumentCache full:https://registry.npmjs.org/sugarss cache-miss
57 http fetch GET 200 https://registry.npmjs.org/sugarss 144ms (cache miss)
58 silly packumentCache full:https://registry.npmjs.org/sugarss set size:undefined disposed:false
59 silly fetch manifest postcss@^8.3.3
60 silly packumentCache full:https://registry.npmjs.org/postcss cache-miss
61 http fetch GET 200 https://registry.npmjs.org/postcss 405ms (cache miss)
62 silly packumentCache full:https://registry.npmjs.org/postcss set size:undefined disposed:false
63 silly fetch manifest terser@^5.4.0
64 silly packumentCache full:https://registry.npmjs.org/terser cache-miss
65 http fetch GET 200 https://registry.npmjs.org/terser 225ms (cache miss)
66 silly packumentCache full:https://registry.npmjs.org/terser set size:undefined disposed:false
67 silly placeDep ROOT @vitejs/plugin-react@4.7.0 OK for: ci-demo@1.0.0 want: ^4.0.0
68 silly placeDep ROOT vite@5.4.21 OK for: @vitejs/plugin-react@4.7.0 want: ^4.2.0 || ^5.0.0 || ^6.0.0 || ^7.0.0
69 silly placeDep ROOT react@18.3.1 OK for: ci-demo@1.0.0 want: ^18.2.0
70 silly placeDep ROOT react-dom@18.3.1 OK for: ci-demo@1.0.0 want: ^18.2.0
71 silly fetch manifest @babel/core@^7.28.0
72 silly packumentCache full:https://registry.npmjs.org/@babel%2fcore cache-miss
73 silly fetch manifest react-refresh@^0.17.0
74 silly packumentCache full:https://registry.npmjs.org/react-refresh cache-miss
75 silly fetch manifest @types/babel__core@^7.20.5
76 silly packumentCache full:https://registry.npmjs.org/@types%2fbabel__core cache-miss
77 http fetch GET 200 https://registry.npmjs.org/@babel%2fcore 523ms (cache miss)
78 silly packumentCache full:https://registry.npmjs.org/@babel%2fcore set size:undefined disposed:false
79 silly fetch manifest @rolldown/pluginutils@1.0.0-beta.27
80 silly packumentCache full:https://registry.npmjs.org/@rolldown%2fpluginutils cache-miss
81 http fetch GET 200 https://registry.npmjs.org/react-refresh 700ms (cache miss)
82 silly packumentCache full:https://registry.npmjs.org/react-refresh set size:undefined disposed:false
83 silly fetch manifest @babel/plugin-transform-react-jsx-self@^7.27.1
84 silly packumentCache full:https://registry.npmjs.org/@babel%2fplugin-transform-react-jsx-self cache-miss
85 http fetch GET 200 https://registry.npmjs.org/@rolldown%2fpluginutils 402ms (cache miss)
86 silly packumentCache full:https://registry.npmjs.org/@rolldown%2fpluginutils set size:undefined disposed:false
87 silly fetch manifest @babel/plugin-transform-react-jsx-source@^7.27.1
88 silly packumentCache full:https://registry.npmjs.org/@babel%2fplugin-transform-react-jsx-source cache-miss
89 http fetch GET 200 https://registry.npmjs.org/@types%2fbabel__core 1157ms (cache miss)
90 silly packumentCache full:https://registry.npmjs.org/@types%2fbabel__core set size:undefined disposed:false
91 silly fetch manifest rollup@^4.20.0
92 silly packumentCache full:https://registry.npmjs.org/rollup cache-miss
93 http fetch GET 200 https://registry.npmjs.org/@babel%2fplugin-transform-react-jsx-source 210ms (cache miss)
94 silly packumentCache full:https://registry.npmjs.org/@babel%2fplugin-transform-react-jsx-source set size:undefined disposed:false
95 silly fetch manifest esbuild@^0.21.3
96 silly packumentCache full:https://registry.npmjs.org/esbuild cache-miss
97 http fetch GET 200 https://registry.npmjs.org/@babel%2fplugin-transform-react-jsx-self 388ms (cache miss)
98 silly packumentCache full:https://registry.npmjs.org/@babel%2fplugin-transform-react-jsx-self set size:undefined disposed:false
99 silly fetch manifest postcss@^8.4.43
100 silly packumentCache full:https://registry.npmjs.org/postcss cache-miss
101 http cache https://registry.npmjs.org/postcss 499ms (cache hit)
102 silly packumentCache full:https://registry.npmjs.org/postcss set size:723316 disposed:false
103 silly fetch manifest fsevents@~2.3.3
104 silly packumentCache full:https://registry.npmjs.org/fsevents cache-miss
105 http fetch GET 200 https://registry.npmjs.org/fsevents 179ms (cache miss)
106 silly packumentCache full:https://registry.npmjs.org/fsevents set size:undefined disposed:false
107 silly fetch manifest loose-envify@^1.1.0
108 silly packumentCache full:https://registry.npmjs.org/loose-envify cache-miss
109 http fetch GET 200 https://registry.npmjs.org/esbuild 745ms (cache miss)
110 silly packumentCache full:https://registry.npmjs.org/esbuild set size:undefined disposed:false
111 silly fetch manifest scheduler@^0.23.2
112 silly packumentCache full:https://registry.npmjs.org/scheduler cache-miss
113 http fetch GET 200 https://registry.npmjs.org/loose-envify 164ms (cache miss)
114 silly packumentCache full:https://registry.npmjs.org/loose-envify set size:undefined disposed:false
115 http fetch GET 200 https://registry.npmjs.org/rollup 965ms (cache miss)
116 silly packumentCache full:https://registry.npmjs.org/rollup set size:undefined disposed:false
117 http fetch GET 200 https://registry.npmjs.org/scheduler 884ms (cache miss)
118 silly packumentCache full:https://registry.npmjs.org/scheduler set size:undefined disposed:false
119 silly placeDep ROOT @babel/core@7.29.7 OK for: @vitejs/plugin-react@4.7.0 want: ^7.28.0
120 silly placeDep ROOT @babel/plugin-transform-react-jsx-self@7.29.7 OK for: @vitejs/plugin-react@4.7.0 want: ^7.27.1
121 silly placeDep ROOT @babel/plugin-transform-react-jsx-source@7.29.7 OK for: @vitejs/plugin-react@4.7.0 want: ^7.27.1
122 silly placeDep ROOT @rolldown/pluginutils@1.0.0-beta.27 OK for: @vitejs/plugin-react@4.7.0 want: 1.0.0-beta.27
123 silly placeDep ROOT @types/babel__core@7.20.5 OK for: @vitejs/plugin-react@4.7.0 want: ^7.20.5
124 silly placeDep ROOT react-refresh@0.17.0 OK for: @vitejs/plugin-react@4.7.0 want: ^0.17.0
125 silly fetch manifest @babel/code-frame@^7.29.7
126 silly packumentCache full:https://registry.npmjs.org/@babel%2fcode-frame cache-miss
127 silly fetch manifest @babel/generator@^7.29.7
128 silly packumentCache full:https://registry.npmjs.org/@babel%2fgenerator cache-miss
129 silly fetch manifest @babel/helper-compilation-targets@^7.29.7
130 silly packumentCache full:https://registry.npmjs.org/@babel%2fhelper-compilation-targets cache-miss
131 http fetch GET 200 https://registry.npmjs.org/@babel%2fhelper-compilation-targets 473ms (cache miss)
132 silly packumentCache full:https://registry.npmjs.org/@babel%2fhelper-compilation-targets set size:undefined disposed:false
133 silly fetch manifest @babel/helper-module-transforms@^7.29.7
134 silly packumentCache full:https://registry.npmjs.org/@babel%2fhelper-module-transforms cache-miss
135 http fetch GET 200 https://registry.npmjs.org/@babel%2fgenerator 581ms (cache miss)
136 silly packumentCache full:https://registry.npmjs.org/@babel%2fgenerator set size:undefined disposed:false
137 silly fetch manifest @babel/helpers@^7.29.7
138 silly packumentCache full:https://registry.npmjs.org/@babel%2fhelpers cache-miss
139 http fetch GET 200 https://registry.npmjs.org/@babel%2fcode-frame 595ms (cache miss)
140 silly packumentCache full:https://registry.npmjs.org/@babel%2fcode-frame set size:undefined disposed:false
141 silly fetch manifest @babel/parser@^7.29.7
142 silly packumentCache full:https://registry.npmjs.org/@babel%2fparser cache-miss
143 http fetch GET 200 https://registry.npmjs.org/@babel%2fhelper-module-transforms 342ms (cache miss)
144 silly packumentCache full:https://registry.npmjs.org/@babel%2fhelper-module-transforms set size:undefined disposed:false
145 silly fetch manifest @babel/template@^7.29.7
146 silly packumentCache full:https://registry.npmjs.org/@babel%2ftemplate cache-miss
147 http fetch GET 200 https://registry.npmjs.org/@babel%2fhelpers 263ms (cache miss)
148 silly packumentCache full:https://registry.npmjs.org/@babel%2fhelpers set size:undefined disposed:false
149 silly fetch manifest @babel/traverse@^7.29.7
150 silly packumentCache full:https://registry.npmjs.org/@babel%2ftraverse cache-miss
151 http fetch GET 200 https://registry.npmjs.org/@babel%2ftemplate 185ms (cache miss)
152 silly packumentCache full:https://registry.npmjs.org/@babel%2ftemplate set size:undefined disposed:false
153 silly fetch manifest @babel/types@^7.29.7
154 silly packumentCache full:https://registry.npmjs.org/@babel%2ftypes cache-miss
155 http fetch GET 200 https://registry.npmjs.org/@babel%2fparser 431ms (cache miss)
156 silly packumentCache full:https://registry.npmjs.org/@babel%2fparser set size:undefined disposed:false
157 silly fetch manifest @jridgewell/remapping@^2.3.5
158 silly packumentCache full:https://registry.npmjs.org/@jridgewell%2fremapping cache-miss
159 http fetch GET 200 https://registry.npmjs.org/@babel%2ftraverse 333ms (cache miss)
160 silly packumentCache full:https://registry.npmjs.org/@babel%2ftraverse set size:undefined disposed:false
161 silly fetch manifest convert-source-map@^2.0.0
162 silly packumentCache full:https://registry.npmjs.org/convert-source-map cache-miss
163 http fetch GET 200 https://registry.npmjs.org/@jridgewell%2fremapping 455ms (cache miss)
164 silly packumentCache full:https://registry.npmjs.org/@jridgewell%2fremapping set size:undefined disposed:false
165 silly fetch manifest debug@^4.1.0
166 silly packumentCache full:https://registry.npmjs.org/debug cache-miss
167 http fetch GET 200 https://registry.npmjs.org/@babel%2ftypes 565ms (cache miss)
168 silly packumentCache full:https://registry.npmjs.org/@babel%2ftypes set size:undefined disposed:false
169 silly fetch manifest gensync@^1.0.0-beta.2
170 silly packumentCache full:https://registry.npmjs.org/gensync cache-miss
171 http fetch GET 200 https://registry.npmjs.org/convert-source-map 429ms (cache miss)
172 silly packumentCache full:https://registry.npmjs.org/convert-source-map set size:undefined disposed:false
173 silly fetch manifest json5@^2.2.3
174 silly packumentCache full:https://registry.npmjs.org/json5 cache-miss
175 http fetch GET 200 https://registry.npmjs.org/debug 220ms (cache miss)
176 silly packumentCache full:https://registry.npmjs.org/debug set size:undefined disposed:false
177 silly fetch manifest semver@^6.3.1
178 silly packumentCache full:https://registry.npmjs.org/semver cache-miss
179 http fetch GET 200 https://registry.npmjs.org/gensync 224ms (cache miss)
180 silly packumentCache full:https://registry.npmjs.org/gensync set size:undefined disposed:false
181 silly fetch manifest @babel/helper-plugin-utils@^7.29.7
182 silly packumentCache full:https://registry.npmjs.org/@babel%2fhelper-plugin-utils cache-miss
183 http fetch GET 200 https://registry.npmjs.org/json5 228ms (cache miss)
184 silly packumentCache full:https://registry.npmjs.org/json5 set size:undefined disposed:false
185 silly fetch manifest @babel/helper-plugin-utils@^7.29.7
186 silly packumentCache full:https://registry.npmjs.org/@babel%2fhelper-plugin-utils cache-miss
187 http fetch GET 200 https://registry.npmjs.org/semver 191ms (cache miss)
188 silly packumentCache full:https://registry.npmjs.org/semver set size:undefined disposed:false
189 silly fetch manifest @babel/types@^7.20.7
190 silly packumentCache full:https://registry.npmjs.org/@babel%2ftypes cache-miss
191 http cache https://registry.npmjs.org/@babel%2ftypes 15ms (cache hit)
192 silly packumentCache full:https://registry.npmjs.org/@babel%2ftypes set size:496342 disposed:false
193 silly fetch manifest @babel/parser@^7.20.7
194 silly packumentCache full:https://registry.npmjs.org/@babel%2fparser cache-miss
195 http cache https://registry.npmjs.org/@babel%2fparser 9ms (cache hit)
196 silly packumentCache full:https://registry.npmjs.org/@babel%2fparser set size:730539 disposed:false
197 silly fetch manifest @types/babel__template@*
198 silly packumentCache full:https://registry.npmjs.org/@types%2fbabel__template cache-miss
199 http fetch GET 200 https://registry.npmjs.org/@types%2fbabel__template 160ms (cache miss)
200 silly packumentCache full:https://registry.npmjs.org/@types%2fbabel__template set size:undefined disposed:false
201 silly fetch manifest @types/babel__traverse@*
202 silly packumentCache full:https://registry.npmjs.org/@types%2fbabel__traverse cache-miss
203 http fetch GET 200 https://registry.npmjs.org/@babel%2fhelper-plugin-utils 332ms (cache miss)
204 silly packumentCache full:https://registry.npmjs.org/@babel%2fhelper-plugin-utils set size:undefined disposed:false
205 silly fetch manifest @types/babel__generator@*
206 silly packumentCache full:https://registry.npmjs.org/@types%2fbabel__generator cache-miss
207 http fetch GET 200 https://registry.npmjs.org/@babel%2fhelper-plugin-utils 392ms (cache miss)
208 silly packumentCache full:https://registry.npmjs.org/@babel%2fhelper-plugin-utils set size:undefined disposed:false
209 http fetch GET 200 https://registry.npmjs.org/@types%2fbabel__generator 158ms (cache miss)
210 silly packumentCache full:https://registry.npmjs.org/@types%2fbabel__generator set size:undefined disposed:false
211 http fetch GET 200 https://registry.npmjs.org/@types%2fbabel__traverse 764ms (cache miss)
212 silly packumentCache full:https://registry.npmjs.org/@types%2fbabel__traverse set size:undefined disposed:false
213 silly fetch manifest @babel/core@^7.0.0
214 silly packumentCache full:https://registry.npmjs.org/@babel%2fcore cache-miss
215 http cache https://registry.npmjs.org/@babel%2fcore 126ms (cache hit)
216 silly packumentCache full:https://registry.npmjs.org/@babel%2fcore set size:779631 disposed:false
217 silly placeDep ROOT @babel/code-frame@7.29.7 OK for: @babel/core@7.29.7 want: ^7.29.7
218 silly placeDep ROOT @babel/generator@7.29.7 OK for: @babel/core@7.29.7 want: ^7.29.7
219 silly placeDep ROOT @babel/helper-compilation-targets@7.29.7 OK for: @babel/core@7.29.7 want: ^7.29.7
220 silly placeDep ROOT @babel/helper-module-transforms@7.29.7 OK for: @babel/core@7.29.7 want: ^7.29.7
221 silly placeDep ROOT @babel/helpers@7.29.7 OK for: @babel/core@7.29.7 want: ^7.29.7
222 silly placeDep ROOT @babel/parser@7.29.7 OK for: @babel/core@7.29.7 want: ^7.29.7
223 silly placeDep ROOT @babel/template@7.29.7 OK for: @babel/core@7.29.7 want: ^7.29.7
224 silly placeDep ROOT @babel/traverse@7.29.7 OK for: @babel/core@7.29.7 want: ^7.29.7
225 silly placeDep ROOT @babel/types@7.29.7 OK for: @babel/core@7.29.7 want: ^7.29.7
226 silly placeDep ROOT @jridgewell/remapping@2.3.5 OK for: @babel/core@7.29.7 want: ^2.3.5
227 silly placeDep ROOT convert-source-map@2.0.0 OK for: @babel/core@7.29.7 want: ^2.0.0
228 silly placeDep ROOT debug@4.4.3 OK for: @babel/core@7.29.7 want: ^4.1.0
229 silly placeDep ROOT gensync@1.0.0-beta.2 OK for: @babel/core@7.29.7 want: ^1.0.0-beta.2
230 silly placeDep ROOT json5@2.2.3 OK for: @babel/core@7.29.7 want: ^2.2.3
231 silly placeDep ROOT semver@6.3.1 OK for: @babel/core@7.29.7 want: ^6.3.1
232 silly fetch manifest @babel/helper-validator-identifier@^7.29.7
233 silly packumentCache full:https://registry.npmjs.org/@babel%2fhelper-validator-identifier cache-miss
234 silly fetch manifest js-tokens@^4.0.0
235 silly packumentCache full:https://registry.npmjs.org/js-tokens cache-miss
236 silly fetch manifest picocolors@^1.1.1
237 silly packumentCache full:https://registry.npmjs.org/picocolors cache-miss
238 http fetch GET 200 https://registry.npmjs.org/js-tokens 163ms (cache miss)
239 silly packumentCache full:https://registry.npmjs.org/js-tokens set size:undefined disposed:false
240 silly fetch manifest @jridgewell/gen-mapping@^0.3.12
241 silly packumentCache full:https://registry.npmjs.org/@jridgewell%2fgen-mapping cache-miss
242 http fetch GET 200 https://registry.npmjs.org/@babel%2fhelper-validator-identifier 181ms (cache miss)
243 silly packumentCache full:https://registry.npmjs.org/@babel%2fhelper-validator-identifier set size:undefined disposed:false
244 silly fetch manifest @jridgewell/trace-mapping@^0.3.28
245 silly packumentCache full:https://registry.npmjs.org/@jridgewell%2ftrace-mapping cache-miss
246 http fetch GET 200 https://registry.npmjs.org/picocolors 220ms (cache miss)
247 silly packumentCache full:https://registry.npmjs.org/picocolors set size:undefined disposed:false
248 silly fetch manifest jsesc@^3.0.2
249 silly packumentCache full:https://registry.npmjs.org/jsesc cache-miss
250 http fetch GET 200 https://registry.npmjs.org/@jridgewell%2ftrace-mapping 181ms (cache miss)
251 silly packumentCache full:https://registry.npmjs.org/@jridgewell%2ftrace-mapping set size:undefined disposed:false
252 silly fetch manifest @babel/compat-data@^7.29.7
253 silly packumentCache full:https://registry.npmjs.org/@babel%2fcompat-data cache-miss
254 http fetch GET 200 https://registry.npmjs.org/jsesc 198ms (cache miss)
255 silly packumentCache full:https://registry.npmjs.org/jsesc set size:undefined disposed:false
256 silly fetch manifest @babel/helper-validator-option@^7.29.7
257 silly packumentCache full:https://registry.npmjs.org/@babel%2fhelper-validator-option cache-miss
258 http fetch GET 200 https://registry.npmjs.org/@jridgewell%2fgen-mapping 377ms (cache miss)
259 silly packumentCache full:https://registry.npmjs.org/@jridgewell%2fgen-mapping set size:undefined disposed:false
260 silly fetch manifest browserslist@^4.24.0
261 silly packumentCache full:https://registry.npmjs.org/browserslist cache-miss
262 http fetch GET 200 https://registry.npmjs.org/@babel%2fcompat-data 207ms (cache miss)
263 silly packumentCache full:https://registry.npmjs.org/@babel%2fcompat-data set size:undefined disposed:false
264 silly fetch manifest lru-cache@^5.1.1
265 silly packumentCache full:https://registry.npmjs.org/lru-cache cache-miss
266 http fetch GET 200 https://registry.npmjs.org/@babel%2fhelper-validator-option 582ms (cache miss)
267 silly packumentCache full:https://registry.npmjs.org/@babel%2fhelper-validator-option set size:undefined disposed:false
268 silly fetch manifest @babel/helper-module-imports@^7.29.7
269 silly packumentCache full:https://registry.npmjs.org/@babel%2fhelper-module-imports cache-miss
270 http fetch GET 200 https://registry.npmjs.org/browserslist 478ms (cache miss)
271 silly packumentCache full:https://registry.npmjs.org/browserslist set size:undefined disposed:false
272 silly fetch manifest @babel/helper-globals@^7.29.7
273 silly packumentCache full:https://registry.npmjs.org/@babel%2fhelper-globals cache-miss
274 http fetch GET 200 https://registry.npmjs.org/lru-cache 475ms (cache miss)
275 silly packumentCache full:https://registry.npmjs.org/lru-cache set size:undefined disposed:false
276 silly fetch manifest debug@^4.3.1
277 silly packumentCache full:https://registry.npmjs.org/debug cache-miss
278 http cache https://registry.npmjs.org/debug 30ms (cache hit)
279 silly packumentCache full:https://registry.npmjs.org/debug set size:195840 disposed:false
280 silly fetch manifest @babel/helper-string-parser@^7.29.7
281 silly packumentCache full:https://registry.npmjs.org/@babel%2fhelper-string-parser cache-miss
282 http fetch GET 200 https://registry.npmjs.org/@babel%2fhelper-module-imports 343ms (cache miss)
283 silly packumentCache full:https://registry.npmjs.org/@babel%2fhelper-module-imports set size:undefined disposed:false
284 silly fetch manifest @jridgewell/gen-mapping@^0.3.5
285 silly packumentCache full:https://registry.npmjs.org/@jridgewell%2fgen-mapping cache-miss
286 http fetch GET 200 https://registry.npmjs.org/@babel%2fhelper-globals 305ms (cache miss)
287 silly packumentCache full:https://registry.npmjs.org/@babel%2fhelper-globals set size:undefined disposed:false
288 silly fetch manifest @jridgewell/trace-mapping@^0.3.24
289 silly packumentCache full:https://registry.npmjs.org/@jridgewell%2ftrace-mapping cache-miss
290 http cache https://registry.npmjs.org/@jridgewell%2ftrace-mapping 16ms (cache hit)
291 silly packumentCache full:https://registry.npmjs.org/@jridgewell%2ftrace-mapping set size:170909 disposed:false
292 silly fetch manifest ms@^2.1.3
293 silly packumentCache full:https://registry.npmjs.org/ms cache-miss
294 http cache https://registry.npmjs.org/@jridgewell%2fgen-mapping 27ms (cache hit)
295 silly packumentCache full:https://registry.npmjs.org/@jridgewell%2fgen-mapping set size:75941 disposed:false
296 http fetch GET 200 https://registry.npmjs.org/@babel%2fhelper-string-parser 351ms (cache miss)
297 silly packumentCache full:https://registry.npmjs.org/@babel%2fhelper-string-parser set size:undefined disposed:false
298 http fetch GET 200 https://registry.npmjs.org/ms 155ms (cache miss)
299 silly packumentCache full:https://registry.npmjs.org/ms set size:undefined disposed:false
300 silly placeDep ROOT @babel/helper-validator-identifier@7.29.7 OK for: @babel/code-frame@7.29.7 want: ^7.29.7
301 silly placeDep ROOT js-tokens@4.0.0 OK for: @babel/code-frame@7.29.7 want: ^4.0.0
302 silly placeDep ROOT picocolors@1.1.1 OK for: @babel/code-frame@7.29.7 want: ^1.1.1
303 silly placeDep ROOT @jridgewell/gen-mapping@0.3.13 OK for: @babel/generator@7.29.7 want: ^0.3.12
304 silly placeDep ROOT @jridgewell/trace-mapping@0.3.31 OK for: @babel/generator@7.29.7 want: ^0.3.28
305 silly placeDep ROOT jsesc@3.1.0 OK for: @babel/generator@7.29.7 want: ^3.0.2
306 silly fetch manifest @jridgewell/sourcemap-codec@^1.5.0
307 silly packumentCache full:https://registry.npmjs.org/@jridgewell%2fsourcemap-codec cache-miss
308 silly fetch manifest @jridgewell/resolve-uri@^3.1.0
309 silly packumentCache full:https://registry.npmjs.org/@jridgewell%2fresolve-uri cache-miss
310 silly fetch manifest @jridgewell/sourcemap-codec@^1.4.14
311 silly packumentCache full:https://registry.npmjs.org/@jridgewell%2fsourcemap-codec cache-miss
312 http fetch GET 200 https://registry.npmjs.org/@jridgewell%2fresolve-uri 188ms (cache miss)
313 silly packumentCache full:https://registry.npmjs.org/@jridgewell%2fresolve-uri set size:undefined disposed:false
314 http fetch GET 200 https://registry.npmjs.org/@jridgewell%2fsourcemap-codec 359ms (cache miss)
315 silly packumentCache full:https://registry.npmjs.org/@jridgewell%2fsourcemap-codec set size:undefined disposed:false
316 http fetch GET 200 https://registry.npmjs.org/@jridgewell%2fsourcemap-codec 398ms (cache miss)
317 silly packumentCache full:https://registry.npmjs.org/@jridgewell%2fsourcemap-codec set size:undefined disposed:false
318 silly placeDep ROOT @babel/compat-data@7.29.7 OK for: @babel/helper-compilation-targets@7.29.7 want: ^7.29.7
319 silly placeDep ROOT @babel/helper-validator-option@7.29.7 OK for: @babel/helper-compilation-targets@7.29.7 want: ^7.29.7
320 silly placeDep ROOT browserslist@4.28.2 OK for: @babel/helper-compilation-targets@7.29.7 want: ^4.24.0
321 silly placeDep ROOT lru-cache@5.1.1 OK for: @babel/helper-compilation-targets@7.29.7 want: ^5.1.1
322 silly fetch manifest baseline-browser-mapping@^2.10.12
323 silly packumentCache full:https://registry.npmjs.org/baseline-browser-mapping cache-miss
324 silly fetch manifest caniuse-lite@^1.0.30001782
325 silly packumentCache full:https://registry.npmjs.org/caniuse-lite cache-miss
326 silly fetch manifest electron-to-chromium@^1.5.328
327 silly packumentCache full:https://registry.npmjs.org/electron-to-chromium cache-miss
328 http fetch GET 200 https://registry.npmjs.org/baseline-browser-mapping 181ms (cache miss)
329 silly packumentCache full:https://registry.npmjs.org/baseline-browser-mapping set size:undefined disposed:false
330 silly fetch manifest node-releases@^2.0.36
331 silly packumentCache full:https://registry.npmjs.org/node-releases cache-miss
332 http fetch GET 200 https://registry.npmjs.org/node-releases 257ms (cache miss)
333 silly packumentCache full:https://registry.npmjs.org/node-releases set size:undefined disposed:false
334 silly fetch manifest update-browserslist-db@^1.2.3
335 silly packumentCache full:https://registry.npmjs.org/update-browserslist-db cache-miss
336 http fetch GET 200 https://registry.npmjs.org/caniuse-lite 601ms (cache miss)
337 silly packumentCache full:https://registry.npmjs.org/caniuse-lite set size:undefined disposed:false
338 silly fetch manifest yallist@^3.0.2
339 silly packumentCache full:https://registry.npmjs.org/yallist cache-miss
340 http fetch GET 200 https://registry.npmjs.org/update-browserslist-db 356ms (cache miss)
341 silly packumentCache full:https://registry.npmjs.org/update-browserslist-db set size:undefined disposed:false
342 http fetch GET 200 https://registry.npmjs.org/electron-to-chromium 815ms (cache miss)
343 silly packumentCache full:https://registry.npmjs.org/electron-to-chromium set size:undefined disposed:false
344 http fetch GET 200 https://registry.npmjs.org/yallist 261ms (cache miss)
345 silly packumentCache full:https://registry.npmjs.org/yallist set size:undefined disposed:false
346 silly placeDep ROOT @babel/helper-module-imports@7.29.7 OK for: @babel/helper-module-transforms@7.29.7 want: ^7.29.7
347 silly placeDep ROOT @babel/helper-plugin-utils@7.29.7 OK for: @babel/plugin-transform-react-jsx-self@7.29.7 want: ^7.29.7
348 silly placeDep ROOT @babel/helper-globals@7.29.7 OK for: @babel/traverse@7.29.7 want: ^7.29.7
349 silly placeDep ROOT @babel/helper-string-parser@7.29.7 OK for: @babel/types@7.29.7 want: ^7.29.7
350 silly placeDep ROOT @jridgewell/sourcemap-codec@1.5.5 OK for: @jridgewell/gen-mapping@0.3.13 want: ^1.5.0
351 silly placeDep ROOT @jridgewell/resolve-uri@3.1.2 OK for: @jridgewell/trace-mapping@0.3.31 want: ^3.1.0
352 silly placeDep ROOT @types/babel__generator@7.27.0 OK for: @types/babel__core@7.20.5 want: *
353 silly placeDep ROOT @types/babel__template@7.4.4 OK for: @types/babel__core@7.20.5 want: *
354 silly placeDep ROOT @types/babel__traverse@7.28.0 OK for: @types/babel__core@7.20.5 want: *
355 silly fetch manifest browserslist@>= 4.21.0
356 silly packumentCache full:https://registry.npmjs.org/browserslist cache-miss
357 http cache https://registry.npmjs.org/browserslist 44ms (cache hit)
358 silly packumentCache full:https://registry.npmjs.org/browserslist set size:504681 disposed:false
359 silly placeDep ROOT baseline-browser-mapping@2.10.36 OK for: browserslist@4.28.2 want: ^2.10.12
360 silly placeDep ROOT caniuse-lite@1.0.30001799 OK for: browserslist@4.28.2 want: ^1.0.30001782
361 silly placeDep ROOT electron-to-chromium@1.5.371 OK for: browserslist@4.28.2 want: ^1.5.328
362 silly placeDep ROOT node-releases@2.0.47 OK for: browserslist@4.28.2 want: ^2.0.36
363 silly placeDep ROOT update-browserslist-db@1.2.3 OK for: browserslist@4.28.2 want: ^1.2.3
364 silly fetch manifest escalade@^3.2.0
365 silly packumentCache full:https://registry.npmjs.org/escalade cache-miss
366 http fetch GET 200 https://registry.npmjs.org/escalade 172ms (cache miss)
367 silly packumentCache full:https://registry.npmjs.org/escalade set size:undefined disposed:false
368 silly placeDep ROOT ms@2.1.3 OK for: debug@4.4.3 want: ^2.1.3
369 silly placeDep ROOT yallist@3.1.1 OK for: lru-cache@5.1.1 want: ^3.0.2
370 silly placeDep ROOT loose-envify@1.4.0 OK for: react@18.3.1 want: ^1.1.0
371 silly placeDep ROOT scheduler@0.23.2 OK for: react-dom@18.3.1 want: ^0.23.2
372 silly placeDep ROOT escalade@3.2.0 OK for: update-browserslist-db@1.2.3 want: ^3.2.0
373 silly placeDep ROOT esbuild@0.21.5 OK for: vite@5.4.21 want: ^0.21.3
374 silly placeDep ROOT fsevents@2.3.3 OK for: vite@5.4.21 want: ~2.3.3
375 silly placeDep ROOT postcss@8.5.15 OK for: vite@5.4.21 want: ^8.4.43
376 silly placeDep ROOT rollup@4.61.1 OK for: vite@5.4.21 want: ^4.20.0
377 silly fetch manifest @esbuild/aix-ppc64@0.21.5
378 silly packumentCache full:https://registry.npmjs.org/@esbuild%2faix-ppc64 cache-miss
379 silly fetch manifest @esbuild/linux-arm@0.21.5
380 silly packumentCache full:https://registry.npmjs.org/@esbuild%2flinux-arm cache-miss
381 silly fetch manifest @esbuild/linux-x64@0.21.5
382 silly packumentCache full:https://registry.npmjs.org/@esbuild%2flinux-x64 cache-miss
383 http fetch GET 200 https://registry.npmjs.org/@esbuild%2faix-ppc64 740ms (cache miss)
384 silly packumentCache full:https://registry.npmjs.org/@esbuild%2faix-ppc64 set size:undefined disposed:false
385 silly fetch manifest @esbuild/sunos-x64@0.21.5
386 silly packumentCache full:https://registry.npmjs.org/@esbuild%2fsunos-x64 cache-miss
387 http fetch GET 200 https://registry.npmjs.org/@esbuild%2flinux-x64 903ms (cache miss)
388 silly packumentCache full:https://registry.npmjs.org/@esbuild%2flinux-x64 set size:undefined disposed:false
389 silly fetch manifest @esbuild/win32-x64@0.21.5
390 silly packumentCache full:https://registry.npmjs.org/@esbuild%2fwin32-x64 cache-miss
391 http fetch GET 200 https://registry.npmjs.org/@esbuild%2flinux-arm 937ms (cache miss)
392 silly packumentCache full:https://registry.npmjs.org/@esbuild%2flinux-arm set size:undefined disposed:false
393 silly fetch manifest @esbuild/darwin-x64@0.21.5
394 silly packumentCache full:https://registry.npmjs.org/@esbuild%2fdarwin-x64 cache-miss
395 http fetch GET 200 https://registry.npmjs.org/@esbuild%2fdarwin-x64 224ms (cache miss)
396 silly packumentCache full:https://registry.npmjs.org/@esbuild%2fdarwin-x64 set size:undefined disposed:false
397 silly fetch manifest @esbuild/linux-ia32@0.21.5
398 silly packumentCache full:https://registry.npmjs.org/@esbuild%2flinux-ia32 cache-miss
399 http fetch GET 200 https://registry.npmjs.org/@esbuild%2fwin32-x64 399ms (cache miss)
400 silly packumentCache full:https://registry.npmjs.org/@esbuild%2fwin32-x64 set size:undefined disposed:false
401 silly fetch manifest @esbuild/netbsd-x64@0.21.5
402 silly packumentCache full:https://registry.npmjs.org/@esbuild%2fnetbsd-x64 cache-miss
403 http fetch GET 200 https://registry.npmjs.org/@esbuild%2flinux-ia32 200ms (cache miss)
404 silly packumentCache full:https://registry.npmjs.org/@esbuild%2flinux-ia32 set size:undefined disposed:false
405 silly fetch manifest @esbuild/win32-ia32@0.21.5
406 silly packumentCache full:https://registry.npmjs.org/@esbuild%2fwin32-ia32 cache-miss
407 http fetch GET 200 https://registry.npmjs.org/@esbuild%2fsunos-x64 658ms (cache miss)
408 silly packumentCache full:https://registry.npmjs.org/@esbuild%2fsunos-x64 set size:undefined disposed:false
409 silly fetch manifest @esbuild/android-arm@0.21.5
410 silly packumentCache full:https://registry.npmjs.org/@esbuild%2fandroid-arm cache-miss
411 http fetch GET 200 https://registry.npmjs.org/@esbuild%2fnetbsd-x64 414ms (cache miss)
412 silly packumentCache full:https://registry.npmjs.org/@esbuild%2fnetbsd-x64 set size:undefined disposed:false
413 silly fetch manifest @esbuild/android-x64@0.21.5
414 silly packumentCache full:https://registry.npmjs.org/@esbuild%2fandroid-x64 cache-miss
415 http fetch GET 200 https://registry.npmjs.org/@esbuild%2fandroid-arm 416ms (cache miss)
416 silly packumentCache full:https://registry.npmjs.org/@esbuild%2fandroid-arm set size:undefined disposed:false
417 silly fetch manifest @esbuild/freebsd-x64@0.21.5
418 silly packumentCache full:https://registry.npmjs.org/@esbuild%2ffreebsd-x64 cache-miss
419 http fetch GET 200 https://registry.npmjs.org/@esbuild%2fwin32-ia32 489ms (cache miss)
420 silly packumentCache full:https://registry.npmjs.org/@esbuild%2fwin32-ia32 set size:undefined disposed:false
421 silly fetch manifest @esbuild/linux-arm64@0.21.5
422 silly packumentCache full:https://registry.npmjs.org/@esbuild%2flinux-arm64 cache-miss
423 http fetch GET 200 https://registry.npmjs.org/@esbuild%2fandroid-x64 547ms (cache miss)
424 silly packumentCache full:https://registry.npmjs.org/@esbuild%2fandroid-x64 set size:undefined disposed:false
425 silly fetch manifest @esbuild/linux-ppc64@0.21.5
426 silly packumentCache full:https://registry.npmjs.org/@esbuild%2flinux-ppc64 cache-miss
427 http fetch GET 200 https://registry.npmjs.org/@esbuild%2ffreebsd-x64 556ms (cache miss)
428 silly packumentCache full:https://registry.npmjs.org/@esbuild%2ffreebsd-x64 set size:undefined disposed:false
429 silly fetch manifest @esbuild/linux-s390x@0.21.5
430 silly packumentCache full:https://registry.npmjs.org/@esbuild%2flinux-s390x cache-miss
431 http fetch GET 200 https://registry.npmjs.org/@esbuild%2flinux-arm64 513ms (cache miss)
432 silly packumentCache full:https://registry.npmjs.org/@esbuild%2flinux-arm64 set size:undefined disposed:false
433 silly fetch manifest @esbuild/openbsd-x64@0.21.5
434 silly packumentCache full:https://registry.npmjs.org/@esbuild%2fopenbsd-x64 cache-miss
435 http fetch GET 200 https://registry.npmjs.org/@esbuild%2fopenbsd-x64 506ms (cache miss)
436 silly packumentCache full:https://registry.npmjs.org/@esbuild%2fopenbsd-x64 set size:undefined disposed:false
437 silly fetch manifest @esbuild/win32-arm64@0.21.5
438 silly packumentCache full:https://registry.npmjs.org/@esbuild%2fwin32-arm64 cache-miss
439 http fetch GET 200 https://registry.npmjs.org/@esbuild%2flinux-ppc64 744ms (cache miss)
440 silly packumentCache full:https://registry.npmjs.org/@esbuild%2flinux-ppc64 set size:undefined disposed:false
441 silly fetch manifest @esbuild/darwin-arm64@0.21.5
442 silly packumentCache full:https://registry.npmjs.org/@esbuild%2fdarwin-arm64 cache-miss
443 http fetch GET 200 https://registry.npmjs.org/@esbuild%2flinux-s390x 670ms (cache miss)
444 silly packumentCache full:https://registry.npmjs.org/@esbuild%2flinux-s390x set size:undefined disposed:false
445 silly fetch manifest @esbuild/android-arm64@0.21.5
446 silly packumentCache full:https://registry.npmjs.org/@esbuild%2fandroid-arm64 cache-miss
447 http fetch GET 200 https://registry.npmjs.org/@esbuild%2fwin32-arm64 413ms (cache miss)
448 silly packumentCache full:https://registry.npmjs.org/@esbuild%2fwin32-arm64 set size:undefined disposed:false
449 silly fetch manifest @esbuild/freebsd-arm64@0.21.5
450 silly packumentCache full:https://registry.npmjs.org/@esbuild%2ffreebsd-arm64 cache-miss
451 http fetch GET 200 https://registry.npmjs.org/@esbuild%2fdarwin-arm64 1331ms (cache miss)
452 silly packumentCache full:https://registry.npmjs.org/@esbuild%2fdarwin-arm64 set size:undefined disposed:false
453 silly fetch manifest @esbuild/linux-loong64@0.21.5
454 silly packumentCache full:https://registry.npmjs.org/@esbuild%2flinux-loong64 cache-miss
455 http fetch GET 200 https://registry.npmjs.org/@esbuild%2fandroid-arm64 1391ms (cache miss)
456 silly packumentCache full:https://registry.npmjs.org/@esbuild%2fandroid-arm64 set size:undefined disposed:false
457 silly fetch manifest @esbuild/linux-riscv64@0.21.5
458 silly packumentCache full:https://registry.npmjs.org/@esbuild%2flinux-riscv64 cache-miss
459 http fetch GET 200 https://registry.npmjs.org/@esbuild%2ffreebsd-arm64 1131ms (cache miss)
460 silly packumentCache full:https://registry.npmjs.org/@esbuild%2ffreebsd-arm64 set size:undefined disposed:false
461 silly fetch manifest @esbuild/linux-mips64el@0.21.5
462 silly packumentCache full:https://registry.npmjs.org/@esbuild%2flinux-mips64el cache-miss
463 http fetch GET 200 https://registry.npmjs.org/@esbuild%2flinux-loong64 267ms (cache miss)
464 silly packumentCache full:https://registry.npmjs.org/@esbuild%2flinux-loong64 set size:undefined disposed:false
465 silly fetch manifest nanoid@^3.3.12
466 silly packumentCache full:https://registry.npmjs.org/nanoid cache-miss
467 http fetch GET 200 https://registry.npmjs.org/@esbuild%2flinux-mips64el 262ms (cache miss)
468 silly packumentCache full:https://registry.npmjs.org/@esbuild%2flinux-mips64el set size:undefined disposed:false
469 silly fetch manifest source-map-js@^1.2.1
470 silly packumentCache full:https://registry.npmjs.org/source-map-js cache-miss
471 http fetch GET 200 https://registry.npmjs.org/source-map-js 208ms (cache miss)
472 silly packumentCache full:https://registry.npmjs.org/source-map-js set size:undefined disposed:false
473 silly fetch manifest @types/estree@1.0.9
474 silly packumentCache full:https://registry.npmjs.org/@types%2festree cache-miss
475 http fetch GET 200 https://registry.npmjs.org/@esbuild%2flinux-riscv64 614ms (cache miss)
476 silly packumentCache full:https://registry.npmjs.org/@esbuild%2flinux-riscv64 set size:undefined disposed:false
477 silly fetch manifest @rollup/rollup-darwin-arm64@4.61.1
478 silly packumentCache full:https://registry.npmjs.org/@rollup%2frollup-darwin-arm64 cache-miss
479 http fetch GET 200 https://registry.npmjs.org/nanoid 764ms (cache miss)
480 silly packumentCache full:https://registry.npmjs.org/nanoid set size:undefined disposed:false
481 silly fetch manifest @rollup/rollup-android-arm64@4.61.1
482 silly packumentCache full:https://registry.npmjs.org/@rollup%2frollup-android-arm64 cache-miss
483 http fetch GET 200 https://registry.npmjs.org/@types%2festree 685ms (cache miss)
484 silly packumentCache full:https://registry.npmjs.org/@types%2festree set size:undefined disposed:false
485 silly fetch manifest @rollup/rollup-win32-arm64-msvc@4.61.1
486 silly packumentCache full:https://registry.npmjs.org/@rollup%2frollup-win32-arm64-msvc cache-miss
487 http fetch GET 200 https://registry.npmjs.org/@rollup%2frollup-darwin-arm64 677ms (cache miss)
488 silly packumentCache full:https://registry.npmjs.org/@rollup%2frollup-darwin-arm64 set size:undefined disposed:false
489 silly fetch manifest @rollup/rollup-freebsd-arm64@4.61.1
490 silly packumentCache full:https://registry.npmjs.org/@rollup%2frollup-freebsd-arm64 cache-miss
491 http fetch GET 200 https://registry.npmjs.org/@rollup%2frollup-win32-arm64-msvc 314ms (cache miss)
492 silly packumentCache full:https://registry.npmjs.org/@rollup%2frollup-win32-arm64-msvc set size:undefined disposed:false
493 silly fetch manifest @rollup/rollup-linux-arm64-gnu@4.61.1
494 silly packumentCache full:https://registry.npmjs.org/@rollup%2frollup-linux-arm64-gnu cache-miss
495 http fetch GET 200 https://registry.npmjs.org/@rollup%2frollup-freebsd-arm64 317ms (cache miss)
496 silly packumentCache full:https://registry.npmjs.org/@rollup%2frollup-freebsd-arm64 set size:undefined disposed:false
497 silly fetch manifest @rollup/rollup-linux-arm64-musl@4.61.1
498 silly packumentCache full:https://registry.npmjs.org/@rollup%2frollup-linux-arm64-musl cache-miss
499 http fetch GET 200 https://registry.npmjs.org/@rollup%2frollup-android-arm64 805ms (cache miss)
500 silly packumentCache full:https://registry.npmjs.org/@rollup%2frollup-android-arm64 set size:undefined disposed:false
501 silly fetch manifest @rollup/rollup-android-arm-eabi@4.61.1
502 silly packumentCache full:https://registry.npmjs.org/@rollup%2frollup-android-arm-eabi cache-miss
503 http fetch GET 200 https://registry.npmjs.org/@rollup%2frollup-linux-arm64-gnu 501ms (cache miss)
504 silly packumentCache full:https://registry.npmjs.org/@rollup%2frollup-linux-arm64-gnu set size:undefined disposed:false
505 silly fetch manifest @rollup/rollup-linux-arm-gnueabihf@4.61.1
506 silly packumentCache full:https://registry.npmjs.org/@rollup%2frollup-linux-arm-gnueabihf cache-miss
507 http fetch GET 200 https://registry.npmjs.org/@rollup%2frollup-linux-arm64-musl 856ms (cache miss)
508 silly packumentCache full:https://registry.npmjs.org/@rollup%2frollup-linux-arm64-musl set size:undefined disposed:false
509 silly fetch manifest @rollup/rollup-linux-arm-musleabihf@4.61.1
510 silly packumentCache full:https://registry.npmjs.org/@rollup%2frollup-linux-arm-musleabihf cache-miss
511 http fetch GET 200 https://registry.npmjs.org/@rollup%2frollup-android-arm-eabi 733ms (cache miss)
512 silly packumentCache full:https://registry.npmjs.org/@rollup%2frollup-android-arm-eabi set size:undefined disposed:false
513 silly fetch manifest @rollup/rollup-win32-ia32-msvc@4.61.1
514 silly packumentCache full:https://registry.npmjs.org/@rollup%2frollup-win32-ia32-msvc cache-miss
515 http fetch GET 200 https://registry.npmjs.org/@rollup%2frollup-linux-arm-gnueabihf 663ms (cache miss)
516 silly packumentCache full:https://registry.npmjs.org/@rollup%2frollup-linux-arm-gnueabihf set size:undefined disposed:false
517 silly fetch manifest @rollup/rollup-linux-loong64-gnu@4.61.1
518 silly packumentCache full:https://registry.npmjs.org/@rollup%2frollup-linux-loong64-gnu cache-miss
519 http fetch GET 200 https://registry.npmjs.org/@rollup%2frollup-linux-arm-musleabihf 596ms (cache miss)
520 silly packumentCache full:https://registry.npmjs.org/@rollup%2frollup-linux-arm-musleabihf set size:undefined disposed:false
521 silly fetch manifest @rollup/rollup-linux-loong64-musl@4.61.1
522 silly packumentCache full:https://registry.npmjs.org/@rollup%2frollup-linux-loong64-musl cache-miss
523 http fetch GET 200 https://registry.npmjs.org/@rollup%2frollup-linux-loong64-gnu 576ms (cache miss)
524 silly packumentCache full:https://registry.npmjs.org/@rollup%2frollup-linux-loong64-gnu set size:undefined disposed:false
525 silly fetch manifest @rollup/rollup-linux-riscv64-gnu@4.61.1
526 silly packumentCache full:https://registry.npmjs.org/@rollup%2frollup-linux-riscv64-gnu cache-miss
527 http fetch GET 200 https://registry.npmjs.org/@rollup%2frollup-win32-ia32-msvc 686ms (cache miss)
528 silly packumentCache full:https://registry.npmjs.org/@rollup%2frollup-win32-ia32-msvc set size:undefined disposed:false
529 silly fetch manifest @rollup/rollup-linux-riscv64-musl@4.61.1
530 silly packumentCache full:https://registry.npmjs.org/@rollup%2frollup-linux-riscv64-musl cache-miss
531 http fetch GET 200 https://registry.npmjs.org/@rollup%2frollup-linux-loong64-musl 558ms (cache miss)
532 silly packumentCache full:https://registry.npmjs.org/@rollup%2frollup-linux-loong64-musl set size:undefined disposed:false
533 silly fetch manifest @rollup/rollup-linux-ppc64-gnu@4.61.1
534 silly packumentCache full:https://registry.npmjs.org/@rollup%2frollup-linux-ppc64-gnu cache-miss
535 http fetch GET 200 https://registry.npmjs.org/@rollup%2frollup-linux-riscv64-gnu 566ms (cache miss)
536 silly packumentCache full:https://registry.npmjs.org/@rollup%2frollup-linux-riscv64-gnu set size:undefined disposed:false
537 silly fetch manifest @rollup/rollup-linux-ppc64-musl@4.61.1
538 silly packumentCache full:https://registry.npmjs.org/@rollup%2frollup-linux-ppc64-musl cache-miss
539 http fetch GET 200 https://registry.npmjs.org/@rollup%2frollup-linux-ppc64-gnu 326ms (cache miss)
540 silly packumentCache full:https://registry.npmjs.org/@rollup%2frollup-linux-ppc64-gnu set size:undefined disposed:false
541 silly fetch manifest @rollup/rollup-linux-s390x-gnu@4.61.1
542 silly packumentCache full:https://registry.npmjs.org/@rollup%2frollup-linux-s390x-gnu cache-miss
543 http fetch GET 200 https://registry.npmjs.org/@rollup%2frollup-linux-riscv64-musl 1266ms (cache miss)
544 silly packumentCache full:https://registry.npmjs.org/@rollup%2frollup-linux-riscv64-musl set size:undefined disposed:false
545 silly fetch manifest @rollup/rollup-darwin-x64@4.61.1
546 silly packumentCache full:https://registry.npmjs.org/@rollup%2frollup-darwin-x64 cache-miss
547 http fetch GET 200 https://registry.npmjs.org/@rollup%2frollup-linux-ppc64-musl 768ms (cache miss)
548 silly packumentCache full:https://registry.npmjs.org/@rollup%2frollup-linux-ppc64-musl set size:undefined disposed:false
549 silly fetch manifest @rollup/rollup-win32-x64-gnu@4.61.1
550 silly packumentCache full:https://registry.npmjs.org/@rollup%2frollup-win32-x64-gnu cache-miss
551 http fetch GET 200 https://registry.npmjs.org/@rollup%2frollup-linux-s390x-gnu 682ms (cache miss)
552 silly packumentCache full:https://registry.npmjs.org/@rollup%2frollup-linux-s390x-gnu set size:undefined disposed:false
553 silly fetch manifest @rollup/rollup-win32-x64-msvc@4.61.1
554 silly packumentCache full:https://registry.npmjs.org/@rollup%2frollup-win32-x64-msvc cache-miss
555 http fetch GET 200 https://registry.npmjs.org/@rollup%2frollup-darwin-x64 601ms (cache miss)
556 silly packumentCache full:https://registry.npmjs.org/@rollup%2frollup-darwin-x64 set size:undefined disposed:false
557 silly fetch manifest @rollup/rollup-freebsd-x64@4.61.1
558 silly packumentCache full:https://registry.npmjs.org/@rollup%2frollup-freebsd-x64 cache-miss
559 http fetch GET 200 https://registry.npmjs.org/@rollup%2frollup-win32-x64-gnu 1149ms (cache miss)
560 silly packumentCache full:https://registry.npmjs.org/@rollup%2frollup-win32-x64-gnu set size:undefined disposed:false
561 silly fetch manifest @rollup/rollup-linux-x64-gnu@4.61.1
562 silly packumentCache full:https://registry.npmjs.org/@rollup%2frollup-linux-x64-gnu cache-miss
563 http fetch GET 200 https://registry.npmjs.org/@rollup%2frollup-win32-x64-msvc 1139ms (cache miss)
564 silly packumentCache full:https://registry.npmjs.org/@rollup%2frollup-win32-x64-msvc set size:undefined disposed:false
565 silly fetch manifest @rollup/rollup-linux-x64-musl@4.61.1
566 silly packumentCache full:https://registry.npmjs.org/@rollup%2frollup-linux-x64-musl cache-miss
567 http fetch GET 200 https://registry.npmjs.org/@rollup%2frollup-freebsd-x64 692ms (cache miss)
568 silly packumentCache full:https://registry.npmjs.org/@rollup%2frollup-freebsd-x64 set size:undefined disposed:false
569 silly fetch manifest @rollup/rollup-openbsd-x64@4.61.1
570 silly packumentCache full:https://registry.npmjs.org/@rollup%2frollup-openbsd-x64 cache-miss
571 http fetch GET 200 https://registry.npmjs.org/@rollup%2frollup-linux-x64-musl 192ms (cache miss)
572 silly packumentCache full:https://registry.npmjs.org/@rollup%2frollup-linux-x64-musl set size:undefined disposed:false
573 silly fetch manifest @rollup/rollup-openharmony-arm64@4.61.1
574 silly packumentCache full:https://registry.npmjs.org/@rollup%2frollup-openharmony-arm64 cache-miss
575 http fetch GET 200 https://registry.npmjs.org/@rollup%2frollup-openbsd-x64 236ms (cache miss)
576 silly packumentCache full:https://registry.npmjs.org/@rollup%2frollup-openbsd-x64 set size:undefined disposed:false
577 http fetch GET 200 https://registry.npmjs.org/@rollup%2frollup-openharmony-arm64 230ms (cache miss)
578 silly packumentCache full:https://registry.npmjs.org/@rollup%2frollup-openharmony-arm64 set size:undefined disposed:false
579 http fetch GET 200 https://registry.npmjs.org/@rollup%2frollup-linux-x64-gnu 663ms (cache miss)
580 silly packumentCache full:https://registry.npmjs.org/@rollup%2frollup-linux-x64-gnu set size:undefined disposed:false
581 silly placeDep ROOT @esbuild/aix-ppc64@0.21.5 OK for: esbuild@0.21.5 want: 0.21.5
582 silly placeDep ROOT @esbuild/android-arm@0.21.5 OK for: esbuild@0.21.5 want: 0.21.5
583 silly placeDep ROOT @esbuild/android-arm64@0.21.5 OK for: esbuild@0.21.5 want: 0.21.5
584 silly placeDep ROOT @esbuild/android-x64@0.21.5 OK for: esbuild@0.21.5 want: 0.21.5
585 silly placeDep ROOT @esbuild/darwin-arm64@0.21.5 OK for: esbuild@0.21.5 want: 0.21.5
586 silly placeDep ROOT @esbuild/darwin-x64@0.21.5 OK for: esbuild@0.21.5 want: 0.21.5
587 silly placeDep ROOT @esbuild/freebsd-arm64@0.21.5 OK for: esbuild@0.21.5 want: 0.21.5
588 silly placeDep ROOT @esbuild/freebsd-x64@0.21.5 OK for: esbuild@0.21.5 want: 0.21.5
589 silly placeDep ROOT @esbuild/linux-arm@0.21.5 OK for: esbuild@0.21.5 want: 0.21.5
590 silly placeDep ROOT @esbuild/linux-arm64@0.21.5 OK for: esbuild@0.21.5 want: 0.21.5
591 silly placeDep ROOT @esbuild/linux-ia32@0.21.5 OK for: esbuild@0.21.5 want: 0.21.5
592 silly placeDep ROOT @esbuild/linux-loong64@0.21.5 OK for: esbuild@0.21.5 want: 0.21.5
593 silly placeDep ROOT @esbuild/linux-mips64el@0.21.5 OK for: esbuild@0.21.5 want: 0.21.5
594 silly placeDep ROOT @esbuild/linux-ppc64@0.21.5 OK for: esbuild@0.21.5 want: 0.21.5
595 silly placeDep ROOT @esbuild/linux-riscv64@0.21.5 OK for: esbuild@0.21.5 want: 0.21.5
596 silly placeDep ROOT @esbuild/linux-s390x@0.21.5 OK for: esbuild@0.21.5 want: 0.21.5
597 silly placeDep ROOT @esbuild/linux-x64@0.21.5 OK for: esbuild@0.21.5 want: 0.21.5
598 silly placeDep ROOT @esbuild/netbsd-x64@0.21.5 OK for: esbuild@0.21.5 want: 0.21.5
599 silly placeDep ROOT @esbuild/openbsd-x64@0.21.5 OK for: esbuild@0.21.5 want: 0.21.5
600 silly placeDep ROOT @esbuild/sunos-x64@0.21.5 OK for: esbuild@0.21.5 want: 0.21.5
601 silly placeDep ROOT @esbuild/win32-arm64@0.21.5 OK for: esbuild@0.21.5 want: 0.21.5
602 silly placeDep ROOT @esbuild/win32-ia32@0.21.5 OK for: esbuild@0.21.5 want: 0.21.5
603 silly placeDep ROOT @esbuild/win32-x64@0.21.5 OK for: esbuild@0.21.5 want: 0.21.5
604 silly placeDep ROOT nanoid@3.3.12 OK for: postcss@8.5.15 want: ^3.3.12
605 silly placeDep ROOT source-map-js@1.2.1 OK for: postcss@8.5.15 want: ^1.2.1
606 silly placeDep ROOT @rollup/rollup-android-arm-eabi@4.61.1 OK for: rollup@4.61.1 want: 4.61.1
607 silly placeDep ROOT @rollup/rollup-android-arm64@4.61.1 OK for: rollup@4.61.1 want: 4.61.1
608 silly placeDep ROOT @rollup/rollup-darwin-arm64@4.61.1 OK for: rollup@4.61.1 want: 4.61.1
609 silly placeDep ROOT @rollup/rollup-darwin-x64@4.61.1 OK for: rollup@4.61.1 want: 4.61.1
610 silly placeDep ROOT @rollup/rollup-freebsd-arm64@4.61.1 OK for: rollup@4.61.1 want: 4.61.1
611 silly placeDep ROOT @rollup/rollup-freebsd-x64@4.61.1 OK for: rollup@4.61.1 want: 4.61.1
612 silly placeDep ROOT @rollup/rollup-linux-arm-gnueabihf@4.61.1 OK for: rollup@4.61.1 want: 4.61.1
613 silly placeDep ROOT @rollup/rollup-linux-arm-musleabihf@4.61.1 OK for: rollup@4.61.1 want: 4.61.1
614 silly placeDep ROOT @rollup/rollup-linux-arm64-gnu@4.61.1 OK for: rollup@4.61.1 want: 4.61.1
615 silly placeDep ROOT @rollup/rollup-linux-arm64-musl@4.61.1 OK for: rollup@4.61.1 want: 4.61.1
616 silly placeDep ROOT @rollup/rollup-linux-loong64-gnu@4.61.1 OK for: rollup@4.61.1 want: 4.61.1
617 silly placeDep ROOT @rollup/rollup-linux-loong64-musl@4.61.1 OK for: rollup@4.61.1 want: 4.61.1
618 silly placeDep ROOT @rollup/rollup-linux-ppc64-gnu@4.61.1 OK for: rollup@4.61.1 want: 4.61.1
619 silly placeDep ROOT @rollup/rollup-linux-ppc64-musl@4.61.1 OK for: rollup@4.61.1 want: 4.61.1
620 silly placeDep ROOT @rollup/rollup-linux-riscv64-gnu@4.61.1 OK for: rollup@4.61.1 want: 4.61.1
621 silly placeDep ROOT @rollup/rollup-linux-riscv64-musl@4.61.1 OK for: rollup@4.61.1 want: 4.61.1
622 silly placeDep ROOT @rollup/rollup-linux-s390x-gnu@4.61.1 OK for: rollup@4.61.1 want: 4.61.1
623 silly placeDep ROOT @rollup/rollup-linux-x64-gnu@4.61.1 OK for: rollup@4.61.1 want: 4.61.1
624 silly placeDep ROOT @rollup/rollup-linux-x64-musl@4.61.1 OK for: rollup@4.61.1 want: 4.61.1
625 silly placeDep ROOT @rollup/rollup-openbsd-x64@4.61.1 OK for: rollup@4.61.1 want: 4.61.1
626 silly placeDep ROOT @rollup/rollup-openharmony-arm64@4.61.1 OK for: rollup@4.61.1 want: 4.61.1
627 silly placeDep ROOT @rollup/rollup-win32-arm64-msvc@4.61.1 OK for: rollup@4.61.1 want: 4.61.1
628 silly placeDep ROOT @rollup/rollup-win32-ia32-msvc@4.61.1 OK for: rollup@4.61.1 want: 4.61.1
629 silly placeDep ROOT @rollup/rollup-win32-x64-gnu@4.61.1 OK for: rollup@4.61.1 want: 4.61.1
630 silly placeDep ROOT @rollup/rollup-win32-x64-msvc@4.61.1 OK for: rollup@4.61.1 want: 4.61.1
631 silly placeDep ROOT @types/estree@1.0.9 OK for: rollup@4.61.1 want: 1.0.9
632 silly reify moves {}
633 silly audit bulk request {
633 silly audit   '@vitejs/plugin-react': [ '4.7.0' ],
633 silly audit   vite: [ '5.4.21' ],
633 silly audit   react: [ '18.3.1' ],
633 silly audit   'react-dom': [ '18.3.1' ],
633 silly audit   '@babel/core': [ '7.29.7' ],
633 silly audit   '@babel/plugin-transform-react-jsx-self': [ '7.29.7' ],
633 silly audit   '@babel/plugin-transform-react-jsx-source': [ '7.29.7' ],
633 silly audit   '@rolldown/pluginutils': [ '1.0.0-beta.27' ],
633 silly audit   '@types/babel__core': [ '7.20.5' ],
633 silly audit   'react-refresh': [ '0.17.0' ],
633 silly audit   '@babel/code-frame': [ '7.29.7' ],
633 silly audit   '@babel/generator': [ '7.29.7' ],
633 silly audit   '@babel/helper-compilation-targets': [ '7.29.7' ],
633 silly audit   '@babel/helper-module-transforms': [ '7.29.7' ],
633 silly audit   '@babel/helpers': [ '7.29.7' ],
633 silly audit   '@babel/parser': [ '7.29.7' ],
633 silly audit   '@babel/template': [ '7.29.7' ],
633 silly audit   '@babel/traverse': [ '7.29.7' ],
633 silly audit   '@babel/types': [ '7.29.7' ],
633 silly audit   '@jridgewell/remapping': [ '2.3.5' ],
633 silly audit   'convert-source-map': [ '2.0.0' ],
633 silly audit   debug: [ '4.4.3' ],
633 silly audit   gensync: [ '1.0.0-beta.2' ],
633 silly audit   json5: [ '2.2.3' ],
633 silly audit   semver: [ '6.3.1' ],
633 silly audit   '@babel/helper-validator-identifier': [ '7.29.7' ],
633 silly audit   'js-tokens': [ '4.0.0' ],
633 silly audit   picocolors: [ '1.1.1' ],
633 silly audit   '@jridgewell/gen-mapping': [ '0.3.13' ],
633 silly audit   '@jridgewell/trace-mapping': [ '0.3.31' ],
633 silly audit   jsesc: [ '3.1.0' ],
633 silly audit   '@babel/compat-data': [ '7.29.7' ],
633 silly audit   '@babel/helper-validator-option': [ '7.29.7' ],
633 silly audit   browserslist: [ '4.28.2' ],
633 silly audit   'lru-cache': [ '5.1.1' ],
633 silly audit   '@babel/helper-module-imports': [ '7.29.7' ],
633 silly audit   '@babel/helper-plugin-utils': [ '7.29.7' ],
633 silly audit   '@babel/helper-globals': [ '7.29.7' ],
633 silly audit   '@babel/helper-string-parser': [ '7.29.7' ],
633 silly audit   '@jridgewell/sourcemap-codec': [ '1.5.5' ],
633 silly audit   '@jridgewell/resolve-uri': [ '3.1.2' ],
633 silly audit   '@types/babel__generator': [ '7.27.0' ],
633 silly audit   '@types/babel__template': [ '7.4.4' ],
633 silly audit   '@types/babel__traverse': [ '7.28.0' ],
633 silly audit   'baseline-browser-mapping': [ '2.10.36' ],
633 silly audit   'caniuse-lite': [ '1.0.30001799' ],
633 silly audit   'electron-to-chromium': [ '1.5.371' ],
633 silly audit   'node-releases': [ '2.0.47' ],
633 silly audit   'update-browserslist-db': [ '1.2.3' ],
633 silly audit   ms: [ '2.1.3' ],
633 silly audit   yallist: [ '3.1.1' ],
633 silly audit   'loose-envify': [ '1.4.0' ],
633 silly audit   scheduler: [ '0.23.2' ],
633 silly audit   escalade: [ '3.2.0' ],
633 silly audit   esbuild: [ '0.21.5' ],
633 silly audit   fsevents: [ '2.3.3' ],
633 silly audit   postcss: [ '8.5.15' ],
633 silly audit   rollup: [ '4.61.1' ],
633 silly audit   '@esbuild/aix-ppc64': [ '0.21.5' ],
633 silly audit   '@esbuild/android-arm': [ '0.21.5' ],
633 silly audit   '@esbuild/android-arm64': [ '0.21.5' ],
633 silly audit   '@esbuild/android-x64': [ '0.21.5' ],
633 silly audit   '@esbuild/darwin-arm64': [ '0.21.5' ],
633 silly audit   '@esbuild/darwin-x64': [ '0.21.5' ],
633 silly audit   '@esbuild/freebsd-arm64': [ '0.21.5' ],
633 silly audit   '@esbuild/freebsd-x64': [ '0.21.5' ],
633 silly audit   '@esbuild/linux-arm': [ '0.21.5' ],
633 silly audit   '@esbuild/linux-arm64': [ '0.21.5' ],
633 silly audit   '@esbuild/linux-ia32': [ '0.21.5' ],
633 silly audit   '@esbuild/linux-loong64': [ '0.21.5' ],
633 silly audit   '@esbuild/linux-mips64el': [ '0.21.5' ],
633 silly audit   '@esbuild/linux-ppc64': [ '0.21.5' ],
633 silly audit   '@esbuild/linux-riscv64': [ '0.21.5' ],
633 silly audit   '@esbuild/linux-s390x': [ '0.21.5' ],
633 silly audit   '@esbuild/linux-x64': [ '0.21.5' ],
633 silly audit   '@esbuild/netbsd-x64': [ '0.21.5' ],
633 silly audit   '@esbuild/openbsd-x64': [ '0.21.5' ],
633 silly audit   '@esbuild/sunos-x64': [ '0.21.5' ],
633 silly audit   '@esbuild/win32-arm64': [ '0.21.5' ],
633 silly audit   '@esbuild/win32-ia32': [ '0.21.5' ],
633 silly audit   '@esbuild/win32-x64': [ '0.21.5' ],
633 silly audit   nanoid: [ '3.3.12' ],
633 silly audit   'source-map-js': [ '1.2.1' ],
633 silly audit   '@rollup/rollup-android-arm-eabi': [ '4.61.1' ],
633 silly audit   '@rollup/rollup-android-arm64': [ '4.61.1' ],
633 silly audit   '@rollup/rollup-darwin-arm64': [ '4.61.1' ],
633 silly audit   '@rollup/rollup-darwin-x64': [ '4.61.1' ],
633 silly audit   '@rollup/rollup-freebsd-arm64': [ '4.61.1' ],
633 silly audit   '@rollup/rollup-freebsd-x64': [ '4.61.1' ],
633 silly audit   '@rollup/rollup-linux-arm-gnueabihf': [ '4.61.1' ],
633 silly audit   '@rollup/rollup-linux-arm-musleabihf': [ '4.61.1' ],
633 silly audit   '@rollup/rollup-linux-arm64-gnu': [ '4.61.1' ],
633 silly audit   '@rollup/rollup-linux-arm64-musl': [ '4.61.1' ],
633 silly audit   '@rollup/rollup-linux-loong64-gnu': [ '4.61.1' ],
633 silly audit   '@rollup/rollup-linux-loong64-musl': [ '4.61.1' ],
633 silly audit   '@rollup/rollup-linux-ppc64-gnu': [ '4.61.1' ],
633 silly audit   '@rollup/rollup-linux-ppc64-musl': [ '4.61.1' ],
633 silly audit   '@rollup/rollup-linux-riscv64-gnu': [ '4.61.1' ],
633 silly audit   '@rollup/rollup-linux-riscv64-musl': [ '4.61.1' ],
633 silly audit   '@rollup/rollup-linux-s390x-gnu': [ '4.61.1' ],
633 silly audit   '@rollup/rollup-linux-x64-gnu': [ '4.61.1' ],
633 silly audit   '@rollup/rollup-linux-x64-musl': [ '4.61.1' ],
633 silly audit   '@rollup/rollup-openbsd-x64': [ '4.61.1' ],
633 silly audit   '@rollup/rollup-openharmony-arm64': [ '4.61.1' ],
633 silly audit   '@rollup/rollup-win32-arm64-msvc': [ '4.61.1' ],
633 silly audit   '@rollup/rollup-win32-ia32-msvc': [ '4.61.1' ],
633 silly audit   '@rollup/rollup-win32-x64-gnu': [ '4.61.1' ],
633 silly audit   '@rollup/rollup-win32-x64-msvc': [ '4.61.1' ],
633 silly audit   '@types/estree': [ '1.0.9' ]
633 silly audit }
634 verbose reify failed optional dependency E:\ci-demo\node_modules\@rollup\rollup-win32-ia32-msvc
635 silly reify mark deleted [ 'E:\\ci-demo\\node_modules\\@rollup\\rollup-win32-ia32-msvc' ]
636 verbose reify failed optional dependency E:\ci-demo\node_modules\@rollup\rollup-win32-arm64-msvc
637 silly reify mark deleted [ 'E:\\ci-demo\\node_modules\\@rollup\\rollup-win32-arm64-msvc' ]
638 verbose reify failed optional dependency E:\ci-demo\node_modules\@rollup\rollup-openharmony-arm64
639 silly reify mark deleted [ 'E:\\ci-demo\\node_modules\\@rollup\\rollup-openharmony-arm64' ]
640 verbose reify failed optional dependency E:\ci-demo\node_modules\@rollup\rollup-openbsd-x64
641 silly reify mark deleted [ 'E:\\ci-demo\\node_modules\\@rollup\\rollup-openbsd-x64' ]
642 verbose reify failed optional dependency E:\ci-demo\node_modules\@rollup\rollup-linux-x64-musl
643 silly reify mark deleted [ 'E:\\ci-demo\\node_modules\\@rollup\\rollup-linux-x64-musl' ]
644 verbose reify failed optional dependency E:\ci-demo\node_modules\@rollup\rollup-linux-x64-gnu
645 silly reify mark deleted [ 'E:\\ci-demo\\node_modules\\@rollup\\rollup-linux-x64-gnu' ]
646 verbose reify failed optional dependency E:\ci-demo\node_modules\@rollup\rollup-linux-s390x-gnu
647 silly reify mark deleted [ 'E:\\ci-demo\\node_modules\\@rollup\\rollup-linux-s390x-gnu' ]
648 verbose reify failed optional dependency E:\ci-demo\node_modules\@rollup\rollup-linux-riscv64-musl
649 silly reify mark deleted [ 'E:\\ci-demo\\node_modules\\@rollup\\rollup-linux-riscv64-musl' ]
650 verbose reify failed optional dependency E:\ci-demo\node_modules\@rollup\rollup-linux-riscv64-gnu
651 silly reify mark deleted [ 'E:\\ci-demo\\node_modules\\@rollup\\rollup-linux-riscv64-gnu' ]
652 verbose reify failed optional dependency E:\ci-demo\node_modules\@rollup\rollup-linux-ppc64-musl
653 silly reify mark deleted [ 'E:\\ci-demo\\node_modules\\@rollup\\rollup-linux-ppc64-musl' ]
654 verbose reify failed optional dependency E:\ci-demo\node_modules\@rollup\rollup-linux-ppc64-gnu
655 silly reify mark deleted [ 'E:\\ci-demo\\node_modules\\@rollup\\rollup-linux-ppc64-gnu' ]
656 verbose reify failed optional dependency E:\ci-demo\node_modules\@rollup\rollup-linux-loong64-musl
657 silly reify mark deleted [ 'E:\\ci-demo\\node_modules\\@rollup\\rollup-linux-loong64-musl' ]
658 verbose reify failed optional dependency E:\ci-demo\node_modules\@rollup\rollup-linux-loong64-gnu
659 silly reify mark deleted [ 'E:\\ci-demo\\node_modules\\@rollup\\rollup-linux-loong64-gnu' ]
660 verbose reify failed optional dependency E:\ci-demo\node_modules\@rollup\rollup-linux-arm64-musl
661 silly reify mark deleted [ 'E:\\ci-demo\\node_modules\\@rollup\\rollup-linux-arm64-musl' ]
662 verbose reify failed optional dependency E:\ci-demo\node_modules\@rollup\rollup-linux-arm64-gnu
663 silly reify mark deleted [ 'E:\\ci-demo\\node_modules\\@rollup\\rollup-linux-arm64-gnu' ]
664 verbose reify failed optional dependency E:\ci-demo\node_modules\@rollup\rollup-linux-arm-musleabihf
665 silly reify mark deleted [ 'E:\\ci-demo\\node_modules\\@rollup\\rollup-linux-arm-musleabihf' ]
666 verbose reify failed optional dependency E:\ci-demo\node_modules\@rollup\rollup-linux-arm-gnueabihf
667 silly reify mark deleted [ 'E:\\ci-demo\\node_modules\\@rollup\\rollup-linux-arm-gnueabihf' ]
668 verbose reify failed optional dependency E:\ci-demo\node_modules\@rollup\rollup-freebsd-x64
669 silly reify mark deleted [ 'E:\\ci-demo\\node_modules\\@rollup\\rollup-freebsd-x64' ]
670 verbose reify failed optional dependency E:\ci-demo\node_modules\@rollup\rollup-freebsd-arm64
671 silly reify mark deleted [ 'E:\\ci-demo\\node_modules\\@rollup\\rollup-freebsd-arm64' ]
672 verbose reify failed optional dependency E:\ci-demo\node_modules\@rollup\rollup-darwin-x64
673 silly reify mark deleted [ 'E:\\ci-demo\\node_modules\\@rollup\\rollup-darwin-x64' ]
674 verbose reify failed optional dependency E:\ci-demo\node_modules\@rollup\rollup-darwin-arm64
675 silly reify mark deleted [ 'E:\\ci-demo\\node_modules\\@rollup\\rollup-darwin-arm64' ]
676 verbose reify failed optional dependency E:\ci-demo\node_modules\@rollup\rollup-android-arm64
677 silly reify mark deleted [ 'E:\\ci-demo\\node_modules\\@rollup\\rollup-android-arm64' ]
678 verbose reify failed optional dependency E:\ci-demo\node_modules\@rollup\rollup-android-arm-eabi
679 silly reify mark deleted [ 'E:\\ci-demo\\node_modules\\@rollup\\rollup-android-arm-eabi' ]
680 verbose reify failed optional dependency E:\ci-demo\node_modules\@esbuild\win32-ia32
681 silly reify mark deleted [ 'E:\\ci-demo\\node_modules\\@esbuild\\win32-ia32' ]
682 verbose reify failed optional dependency E:\ci-demo\node_modules\@esbuild\win32-arm64
683 silly reify mark deleted [ 'E:\\ci-demo\\node_modules\\@esbuild\\win32-arm64' ]
684 verbose reify failed optional dependency E:\ci-demo\node_modules\@esbuild\sunos-x64
685 silly reify mark deleted [ 'E:\\ci-demo\\node_modules\\@esbuild\\sunos-x64' ]
686 verbose reify failed optional dependency E:\ci-demo\node_modules\@esbuild\openbsd-x64
687 silly reify mark deleted [ 'E:\\ci-demo\\node_modules\\@esbuild\\openbsd-x64' ]
688 verbose reify failed optional dependency E:\ci-demo\node_modules\@esbuild\netbsd-x64
689 silly reify mark deleted [ 'E:\\ci-demo\\node_modules\\@esbuild\\netbsd-x64' ]
690 verbose reify failed optional dependency E:\ci-demo\node_modules\@esbuild\linux-x64
691 silly reify mark deleted [ 'E:\\ci-demo\\node_modules\\@esbuild\\linux-x64' ]
692 verbose reify failed optional dependency E:\ci-demo\node_modules\@esbuild\linux-s390x
693 silly reify mark deleted [ 'E:\\ci-demo\\node_modules\\@esbuild\\linux-s390x' ]
694 verbose reify failed optional dependency E:\ci-demo\node_modules\@esbuild\linux-riscv64
695 silly reify mark deleted [ 'E:\\ci-demo\\node_modules\\@esbuild\\linux-riscv64' ]
696 verbose reify failed optional dependency E:\ci-demo\node_modules\@esbuild\linux-ppc64
697 silly reify mark deleted [ 'E:\\ci-demo\\node_modules\\@esbuild\\linux-ppc64' ]
698 verbose reify failed optional dependency E:\ci-demo\node_modules\@esbuild\linux-mips64el
699 silly reify mark deleted [ 'E:\\ci-demo\\node_modules\\@esbuild\\linux-mips64el' ]
700 verbose reify failed optional dependency E:\ci-demo\node_modules\@esbuild\linux-loong64
701 silly reify mark deleted [ 'E:\\ci-demo\\node_modules\\@esbuild\\linux-loong64' ]
702 verbose reify failed optional dependency E:\ci-demo\node_modules\@esbuild\linux-ia32
703 silly reify mark deleted [ 'E:\\ci-demo\\node_modules\\@esbuild\\linux-ia32' ]
704 verbose reify failed optional dependency E:\ci-demo\node_modules\@esbuild\linux-arm64
705 silly reify mark deleted [ 'E:\\ci-demo\\node_modules\\@esbuild\\linux-arm64' ]
706 verbose reify failed optional dependency E:\ci-demo\node_modules\@esbuild\linux-arm
707 silly reify mark deleted [ 'E:\\ci-demo\\node_modules\\@esbuild\\linux-arm' ]
708 verbose reify failed optional dependency E:\ci-demo\node_modules\@esbuild\freebsd-x64
709 silly reify mark deleted [ 'E:\\ci-demo\\node_modules\\@esbuild\\freebsd-x64' ]
710 verbose reify failed optional dependency E:\ci-demo\node_modules\@esbuild\freebsd-arm64
711 silly reify mark deleted [ 'E:\\ci-demo\\node_modules\\@esbuild\\freebsd-arm64' ]
712 verbose reify failed optional dependency E:\ci-demo\node_modules\@esbuild\darwin-x64
713 silly reify mark deleted [ 'E:\\ci-demo\\node_modules\\@esbuild\\darwin-x64' ]
714 verbose reify failed optional dependency E:\ci-demo\node_modules\@esbuild\darwin-arm64
715 silly reify mark deleted [ 'E:\\ci-demo\\node_modules\\@esbuild\\darwin-arm64' ]
716 verbose reify failed optional dependency E:\ci-demo\node_modules\@esbuild\android-x64
717 silly reify mark deleted [ 'E:\\ci-demo\\node_modules\\@esbuild\\android-x64' ]
718 verbose reify failed optional dependency E:\ci-demo\node_modules\@esbuild\android-arm64
719 silly reify mark deleted [ 'E:\\ci-demo\\node_modules\\@esbuild\\android-arm64' ]
720 verbose reify failed optional dependency E:\ci-demo\node_modules\@esbuild\android-arm
721 silly reify mark deleted [ 'E:\\ci-demo\\node_modules\\@esbuild\\android-arm' ]
722 verbose reify failed optional dependency E:\ci-demo\node_modules\@esbuild\aix-ppc64
723 silly reify mark deleted [ 'E:\\ci-demo\\node_modules\\@esbuild\\aix-ppc64' ]
724 verbose reify failed optional dependency E:\ci-demo\node_modules\fsevents
725 silly reify mark deleted [ 'E:\\ci-demo\\node_modules\\fsevents' ]
726 http cache @rollup/rollup-win32-x64-msvc@https://registry.npmjs.org/@rollup/rollup-win32-x64-msvc/-/rollup-win32-x64-msvc-4.61.1.tgz 0ms (cache hit)
727 http cache @types/estree@https://registry.npmjs.org/@types/estree/-/estree-1.0.9.tgz 0ms (cache hit)
728 http cache @rollup/rollup-win32-x64-gnu@https://registry.npmjs.org/@rollup/rollup-win32-x64-gnu/-/rollup-win32-x64-gnu-4.61.1.tgz 0ms (cache hit)
729 http cache source-map-js@https://registry.npmjs.org/source-map-js/-/source-map-js-1.2.1.tgz 0ms (cache hit)
730 http cache nanoid@https://registry.npmjs.org/nanoid/-/nanoid-3.3.12.tgz 1ms (cache hit)
731 http cache @esbuild/win32-x64@https://registry.npmjs.org/@esbuild/win32-x64/-/win32-x64-0.21.5.tgz 0ms (cache hit)
732 http cache postcss@https://registry.npmjs.org/postcss/-/postcss-8.5.15.tgz 0ms (cache hit)
733 http cache rollup@https://registry.npmjs.org/rollup/-/rollup-4.61.1.tgz 0ms (cache hit)
734 http cache esbuild@https://registry.npmjs.org/esbuild/-/esbuild-0.21.5.tgz 0ms (cache hit)
735 http cache escalade@https://registry.npmjs.org/escalade/-/escalade-3.2.0.tgz 0ms (cache hit)
736 http cache loose-envify@https://registry.npmjs.org/loose-envify/-/loose-envify-1.4.0.tgz 0ms (cache hit)
737 http cache scheduler@https://registry.npmjs.org/scheduler/-/scheduler-0.23.2.tgz 0ms (cache hit)
738 http cache yallist@https://registry.npmjs.org/yallist/-/yallist-3.1.1.tgz 0ms (cache hit)
739 http cache ms@https://registry.npmjs.org/ms/-/ms-2.1.3.tgz 0ms (cache hit)
740 http cache update-browserslist-db@https://registry.npmjs.org/update-browserslist-db/-/update-browserslist-db-1.2.3.tgz 0ms (cache hit)
741 http cache node-releases@https://registry.npmjs.org/node-releases/-/node-releases-2.0.47.tgz 0ms (cache hit)
742 http cache electron-to-chromium@https://registry.npmjs.org/electron-to-chromium/-/electron-to-chromium-1.5.371.tgz 0ms (cache hit)
743 http cache caniuse-lite@https://registry.npmjs.org/caniuse-lite/-/caniuse-lite-1.0.30001799.tgz 0ms (cache hit)
744 http cache @types/babel__template@https://registry.npmjs.org/@types/babel__template/-/babel__template-7.4.4.tgz 0ms (cache hit)
745 http cache baseline-browser-mapping@https://registry.npmjs.org/baseline-browser-mapping/-/baseline-browser-mapping-2.10.36.tgz 0ms (cache hit)
746 http cache @types/babel__traverse@https://registry.npmjs.org/@types/babel__traverse/-/babel__traverse-7.28.0.tgz 0ms (cache hit)
747 http cache @types/babel__generator@https://registry.npmjs.org/@types/babel__generator/-/babel__generator-7.27.0.tgz 0ms (cache hit)
748 http cache @jridgewell/resolve-uri@https://registry.npmjs.org/@jridgewell/resolve-uri/-/resolve-uri-3.1.2.tgz 0ms (cache hit)
749 http cache @jridgewell/sourcemap-codec@https://registry.npmjs.org/@jridgewell/sourcemap-codec/-/sourcemap-codec-1.5.5.tgz 0ms (cache hit)
750 http cache @babel/helper-string-parser@https://registry.npmjs.org/@babel/helper-string-parser/-/helper-string-parser-7.29.7.tgz 0ms (cache hit)
751 http cache @babel/helper-globals@https://registry.npmjs.org/@babel/helper-globals/-/helper-globals-7.29.7.tgz 0ms (cache hit)
752 http cache @babel/helper-plugin-utils@https://registry.npmjs.org/@babel/helper-plugin-utils/-/helper-plugin-utils-7.29.7.tgz 0ms (cache hit)
753 http cache @babel/helper-module-imports@https://registry.npmjs.org/@babel/helper-module-imports/-/helper-module-imports-7.29.7.tgz 0ms (cache hit)
754 http cache lru-cache@https://registry.npmjs.org/lru-cache/-/lru-cache-5.1.1.tgz 0ms (cache hit)
755 http cache @babel/helper-validator-option@https://registry.npmjs.org/@babel/helper-validator-option/-/helper-validator-option-7.29.7.tgz 0ms (cache hit)
756 http cache browserslist@https://registry.npmjs.org/browserslist/-/browserslist-4.28.2.tgz 0ms (cache hit)
757 http cache @babel/compat-data@https://registry.npmjs.org/@babel/compat-data/-/compat-data-7.29.7.tgz 0ms (cache hit)
758 http cache jsesc@https://registry.npmjs.org/jsesc/-/jsesc-3.1.0.tgz 0ms (cache hit)
759 http cache @jridgewell/trace-mapping@https://registry.npmjs.org/@jridgewell/trace-mapping/-/trace-mapping-0.3.31.tgz 0ms (cache hit)
760 http cache @jridgewell/gen-mapping@https://registry.npmjs.org/@jridgewell/gen-mapping/-/gen-mapping-0.3.13.tgz 0ms (cache hit)
761 http cache js-tokens@https://registry.npmjs.org/js-tokens/-/js-tokens-4.0.0.tgz 0ms (cache hit)
762 http cache picocolors@https://registry.npmjs.org/picocolors/-/picocolors-1.1.1.tgz 0ms (cache hit)
763 http cache @babel/helper-validator-identifier@https://registry.npmjs.org/@babel/helper-validator-identifier/-/helper-validator-identifier-7.29.7.tgz 0ms (cache hit)
764 http cache semver@https://registry.npmjs.org/semver/-/semver-6.3.1.tgz 0ms (cache hit)
765 http cache gensync@https://registry.npmjs.org/gensync/-/gensync-1.0.0-beta.2.tgz 0ms (cache hit)
766 http cache json5@https://registry.npmjs.org/json5/-/json5-2.2.3.tgz 0ms (cache hit)
767 http cache debug@https://registry.npmjs.org/debug/-/debug-4.4.3.tgz 0ms (cache hit)
768 http cache convert-source-map@https://registry.npmjs.org/convert-source-map/-/convert-source-map-2.0.0.tgz 0ms (cache hit)
769 http cache @jridgewell/remapping@https://registry.npmjs.org/@jridgewell/remapping/-/remapping-2.3.5.tgz 0ms (cache hit)
770 http cache @babel/types@https://registry.npmjs.org/@babel/types/-/types-7.29.7.tgz 0ms (cache hit)
771 http cache @babel/template@https://registry.npmjs.org/@babel/template/-/template-7.29.7.tgz 0ms (cache hit)
772 http cache @babel/traverse@https://registry.npmjs.org/@babel/traverse/-/traverse-7.29.7.tgz 0ms (cache hit)
773 http cache @babel/parser@https://registry.npmjs.org/@babel/parser/-/parser-7.29.7.tgz 0ms (cache hit)
774 http cache @babel/helper-module-transforms@https://registry.npmjs.org/@babel/helper-module-transforms/-/helper-module-transforms-7.29.7.tgz 0ms (cache hit)
775 http cache @babel/helpers@https://registry.npmjs.org/@babel/helpers/-/helpers-7.29.7.tgz 0ms (cache hit)
776 http cache @babel/helper-compilation-targets@https://registry.npmjs.org/@babel/helper-compilation-targets/-/helper-compilation-targets-7.29.7.tgz 0ms (cache hit)
777 http cache @babel/generator@https://registry.npmjs.org/@babel/generator/-/generator-7.29.7.tgz 0ms (cache hit)
778 http cache @babel/code-frame@https://registry.npmjs.org/@babel/code-frame/-/code-frame-7.29.7.tgz 0ms (cache hit)
779 http cache react-refresh@https://registry.npmjs.org/react-refresh/-/react-refresh-0.17.0.tgz 0ms (cache hit)
780 http cache @types/babel__core@https://registry.npmjs.org/@types/babel__core/-/babel__core-7.20.5.tgz 0ms (cache hit)
781 http cache @rolldown/pluginutils@https://registry.npmjs.org/@rolldown/pluginutils/-/pluginutils-1.0.0-beta.27.tgz 0ms (cache hit)
782 http cache @babel/plugin-transform-react-jsx-source@https://registry.npmjs.org/@babel/plugin-transform-react-jsx-source/-/plugin-transform-react-jsx-source-7.29.7.tgz 0ms (cache hit)
783 http cache @babel/plugin-transform-react-jsx-self@https://registry.npmjs.org/@babel/plugin-transform-react-jsx-self/-/plugin-transform-react-jsx-self-7.29.7.tgz 0ms (cache hit)
784 http cache react-dom@https://registry.npmjs.org/react-dom/-/react-dom-18.3.1.tgz 0ms (cache hit)
785 http cache @babel/core@https://registry.npmjs.org/@babel/core/-/core-7.29.7.tgz 0ms (cache hit)
786 http cache react@https://registry.npmjs.org/react/-/react-18.3.1.tgz 0ms (cache hit)
787 http cache vite@https://registry.npmjs.org/vite/-/vite-5.4.21.tgz 0ms (cache hit)
788 http cache @vitejs/plugin-react@https://registry.npmjs.org/@vitejs/plugin-react/-/plugin-react-4.7.0.tgz 0ms (cache hit)
789 silly tarball no local data for @rollup/rollup-win32-x64-msvc@https://registry.npmjs.org/@rollup/rollup-win32-x64-msvc/-/rollup-win32-x64-msvc-4.61.1.tgz. Extracting by manifest.
790 silly tarball no local data for @types/estree@https://registry.npmjs.org/@types/estree/-/estree-1.0.9.tgz. Extracting by manifest.
791 silly tarball no local data for @rollup/rollup-win32-x64-gnu@https://registry.npmjs.org/@rollup/rollup-win32-x64-gnu/-/rollup-win32-x64-gnu-4.61.1.tgz. Extracting by manifest.
792 silly tarball no local data for source-map-js@https://registry.npmjs.org/source-map-js/-/source-map-js-1.2.1.tgz. Extracting by manifest.
793 silly tarball no local data for nanoid@https://registry.npmjs.org/nanoid/-/nanoid-3.3.12.tgz. Extracting by manifest.
794 silly tarball no local data for @esbuild/win32-x64@https://registry.npmjs.org/@esbuild/win32-x64/-/win32-x64-0.21.5.tgz. Extracting by manifest.
795 silly tarball no local data for postcss@https://registry.npmjs.org/postcss/-/postcss-8.5.15.tgz. Extracting by manifest.
796 silly tarball no local data for rollup@https://registry.npmjs.org/rollup/-/rollup-4.61.1.tgz. Extracting by manifest.
797 silly tarball no local data for esbuild@https://registry.npmjs.org/esbuild/-/esbuild-0.21.5.tgz. Extracting by manifest.
798 silly tarball no local data for escalade@https://registry.npmjs.org/escalade/-/escalade-3.2.0.tgz. Extracting by manifest.
799 silly tarball no local data for loose-envify@https://registry.npmjs.org/loose-envify/-/loose-envify-1.4.0.tgz. Extracting by manifest.
800 silly tarball no local data for scheduler@https://registry.npmjs.org/scheduler/-/scheduler-0.23.2.tgz. Extracting by manifest.
801 silly tarball no local data for yallist@https://registry.npmjs.org/yallist/-/yallist-3.1.1.tgz. Extracting by manifest.
802 silly tarball no local data for ms@https://registry.npmjs.org/ms/-/ms-2.1.3.tgz. Extracting by manifest.
803 silly tarball no local data for update-browserslist-db@https://registry.npmjs.org/update-browserslist-db/-/update-browserslist-db-1.2.3.tgz. Extracting by manifest.
804 silly tarball no local data for node-releases@https://registry.npmjs.org/node-releases/-/node-releases-2.0.47.tgz. Extracting by manifest.
805 silly tarball no local data for electron-to-chromium@https://registry.npmjs.org/electron-to-chromium/-/electron-to-chromium-1.5.371.tgz. Extracting by manifest.
806 silly tarball no local data for caniuse-lite@https://registry.npmjs.org/caniuse-lite/-/caniuse-lite-1.0.30001799.tgz. Extracting by manifest.
807 silly tarball no local data for @types/babel__template@https://registry.npmjs.org/@types/babel__template/-/babel__template-7.4.4.tgz. Extracting by manifest.
808 silly tarball no local data for baseline-browser-mapping@https://registry.npmjs.org/baseline-browser-mapping/-/baseline-browser-mapping-2.10.36.tgz. Extracting by manifest.
809 silly tarball no local data for @types/babel__traverse@https://registry.npmjs.org/@types/babel__traverse/-/babel__traverse-7.28.0.tgz. Extracting by manifest.
810 silly tarball no local data for @types/babel__generator@https://registry.npmjs.org/@types/babel__generator/-/babel__generator-7.27.0.tgz. Extracting by manifest.
811 silly tarball no local data for @jridgewell/resolve-uri@https://registry.npmjs.org/@jridgewell/resolve-uri/-/resolve-uri-3.1.2.tgz. Extracting by manifest.
812 silly tarball no local data for @jridgewell/sourcemap-codec@https://registry.npmjs.org/@jridgewell/sourcemap-codec/-/sourcemap-codec-1.5.5.tgz. Extracting by manifest.
813 silly tarball no local data for @babel/helper-string-parser@https://registry.npmjs.org/@babel/helper-string-parser/-/helper-string-parser-7.29.7.tgz. Extracting by manifest.
814 silly tarball no local data for @babel/helper-globals@https://registry.npmjs.org/@babel/helper-globals/-/helper-globals-7.29.7.tgz. Extracting by manifest.
815 silly tarball no local data for @babel/helper-plugin-utils@https://registry.npmjs.org/@babel/helper-plugin-utils/-/helper-plugin-utils-7.29.7.tgz. Extracting by manifest.
816 silly tarball no local data for @babel/helper-module-imports@https://registry.npmjs.org/@babel/helper-module-imports/-/helper-module-imports-7.29.7.tgz. Extracting by manifest.
817 silly tarball no local data for lru-cache@https://registry.npmjs.org/lru-cache/-/lru-cache-5.1.1.tgz. Extracting by manifest.
818 silly tarball no local data for @babel/helper-validator-option@https://registry.npmjs.org/@babel/helper-validator-option/-/helper-validator-option-7.29.7.tgz. Extracting by manifest.
819 silly tarball no local data for browserslist@https://registry.npmjs.org/browserslist/-/browserslist-4.28.2.tgz. Extracting by manifest.
820 silly tarball no local data for @babel/compat-data@https://registry.npmjs.org/@babel/compat-data/-/compat-data-7.29.7.tgz. Extracting by manifest.
821 silly tarball no local data for jsesc@https://registry.npmjs.org/jsesc/-/jsesc-3.1.0.tgz. Extracting by manifest.
822 silly tarball no local data for @jridgewell/trace-mapping@https://registry.npmjs.org/@jridgewell/trace-mapping/-/trace-mapping-0.3.31.tgz. Extracting by manifest.
823 silly tarball no local data for @jridgewell/gen-mapping@https://registry.npmjs.org/@jridgewell/gen-mapping/-/gen-mapping-0.3.13.tgz. Extracting by manifest.
824 silly tarball no local data for js-tokens@https://registry.npmjs.org/js-tokens/-/js-tokens-4.0.0.tgz. Extracting by manifest.
825 silly tarball no local data for picocolors@https://registry.npmjs.org/picocolors/-/picocolors-1.1.1.tgz. Extracting by manifest.
826 silly tarball no local data for @babel/helper-validator-identifier@https://registry.npmjs.org/@babel/helper-validator-identifier/-/helper-validator-identifier-7.29.7.tgz. Extracting by manifest.
827 silly tarball no local data for semver@https://registry.npmjs.org/semver/-/semver-6.3.1.tgz. Extracting by manifest.
828 silly tarball no local data for gensync@https://registry.npmjs.org/gensync/-/gensync-1.0.0-beta.2.tgz. Extracting by manifest.
829 silly tarball no local data for json5@https://registry.npmjs.org/json5/-/json5-2.2.3.tgz. Extracting by manifest.
830 silly tarball no local data for debug@https://registry.npmjs.org/debug/-/debug-4.4.3.tgz. Extracting by manifest.
831 silly tarball no local data for convert-source-map@https://registry.npmjs.org/convert-source-map/-/convert-source-map-2.0.0.tgz. Extracting by manifest.
832 silly tarball no local data for @jridgewell/remapping@https://registry.npmjs.org/@jridgewell/remapping/-/remapping-2.3.5.tgz. Extracting by manifest.
833 silly tarball no local data for @babel/types@https://registry.npmjs.org/@babel/types/-/types-7.29.7.tgz. Extracting by manifest.
834 silly tarball no local data for @babel/template@https://registry.npmjs.org/@babel/template/-/template-7.29.7.tgz. Extracting by manifest.
835 silly tarball no local data for @babel/traverse@https://registry.npmjs.org/@babel/traverse/-/traverse-7.29.7.tgz. Extracting by manifest.
836 silly tarball no local data for @babel/parser@https://registry.npmjs.org/@babel/parser/-/parser-7.29.7.tgz. Extracting by manifest.
837 silly tarball no local data for @babel/helper-module-transforms@https://registry.npmjs.org/@babel/helper-module-transforms/-/helper-module-transforms-7.29.7.tgz. Extracting by manifest.
838 silly tarball no local data for @babel/helpers@https://registry.npmjs.org/@babel/helpers/-/helpers-7.29.7.tgz. Extracting by manifest.
839 silly tarball no local data for @babel/helper-compilation-targets@https://registry.npmjs.org/@babel/helper-compilation-targets/-/helper-compilation-targets-7.29.7.tgz. Extracting by manifest.
840 silly tarball no local data for @babel/generator@https://registry.npmjs.org/@babel/generator/-/generator-7.29.7.tgz. Extracting by manifest.
841 silly tarball no local data for @babel/code-frame@https://registry.npmjs.org/@babel/code-frame/-/code-frame-7.29.7.tgz. Extracting by manifest.
842 silly tarball no local data for react-refresh@https://registry.npmjs.org/react-refresh/-/react-refresh-0.17.0.tgz. Extracting by manifest.
843 silly tarball no local data for @types/babel__core@https://registry.npmjs.org/@types/babel__core/-/babel__core-7.20.5.tgz. Extracting by manifest.
844 silly tarball no local data for @rolldown/pluginutils@https://registry.npmjs.org/@rolldown/pluginutils/-/pluginutils-1.0.0-beta.27.tgz. Extracting by manifest.
845 silly tarball no local data for @babel/plugin-transform-react-jsx-source@https://registry.npmjs.org/@babel/plugin-transform-react-jsx-source/-/plugin-transform-react-jsx-source-7.29.7.tgz. Extracting by manifest.
846 silly tarball no local data for @babel/plugin-transform-react-jsx-self@https://registry.npmjs.org/@babel/plugin-transform-react-jsx-self/-/plugin-transform-react-jsx-self-7.29.7.tgz. Extracting by manifest.
847 silly tarball no local data for react-dom@https://registry.npmjs.org/react-dom/-/react-dom-18.3.1.tgz. Extracting by manifest.
848 silly tarball no local data for @babel/core@https://registry.npmjs.org/@babel/core/-/core-7.29.7.tgz. Extracting by manifest.
849 silly tarball no local data for react@https://registry.npmjs.org/react/-/react-18.3.1.tgz. Extracting by manifest.
850 silly tarball no local data for vite@https://registry.npmjs.org/vite/-/vite-5.4.21.tgz. Extracting by manifest.
851 silly tarball no local data for @vitejs/plugin-react@https://registry.npmjs.org/@vitejs/plugin-react/-/plugin-react-4.7.0.tgz. Extracting by manifest.
852 http fetch POST 200 https://registry.npmjs.org/-/npm/v1/security/advisories/bulk 502ms
853 silly audit report {
853 silly audit report   vite: [
853 silly audit report     {
853 silly audit report       id: 1116229,
853 silly audit report       url: 'https://github.com/advisories/GHSA-4w7w-66w2-5vf9',
853 silly audit report       title: 'Vite Vulnerable to Path Traversal in Optimized Deps `.map` Handling',
853 silly audit report       severity: 'moderate',
853 silly audit report       vulnerable_versions: '<=6.4.1',
853 silly audit report       cwe: [Array],
853 silly audit report       cvss: [Object]
853 silly audit report     }
853 silly audit report   ],
853 silly audit report   esbuild: [
853 silly audit report     {
853 silly audit report       id: 1102341,
853 silly audit report       url: 'https://github.com/advisories/GHSA-67mh-4wv8-2f99',
853 silly audit report       title: 'esbuild enables any website to send any requests to the development server and read the response',
853 silly audit report       severity: 'moderate',
853 silly audit report       vulnerable_versions: '<=0.24.2',
853 silly audit report       cwe: [Array],
853 silly audit report       cvss: [Object]
853 silly audit report     }
853 silly audit report   ]
853 silly audit report }
854 silly packumentCache corgi:https://registry.npmjs.org/vite cache-miss
855 silly packumentCache corgi:https://registry.npmjs.org/esbuild cache-miss
856 http fetch GET 200 https://registry.npmjs.org/@types/estree/-/estree-1.0.9.tgz 560ms (cache miss)
857 http fetch GET 200 https://registry.npmjs.org/@rollup/rollup-win32-x64-msvc/-/rollup-win32-x64-msvc-4.61.1.tgz 571ms (cache miss)
858 http fetch GET 200 https://registry.npmjs.org/node-releases/-/node-releases-2.0.47.tgz 661ms (cache miss)
859 http fetch GET 200 https://registry.npmjs.org/electron-to-chromium/-/electron-to-chromium-1.5.371.tgz 687ms (cache miss)
860 http fetch GET 200 https://registry.npmjs.org/@types/babel__template/-/babel__template-7.4.4.tgz 1060ms (cache miss)
861 http fetch GET 200 https://registry.npmjs.org/ms/-/ms-2.1.3.tgz 1244ms (cache miss)
862 http fetch GET 200 https://registry.npmjs.org/yallist/-/yallist-3.1.1.tgz 1300ms (cache miss)
863 http fetch GET 200 https://registry.npmjs.org/@babel/helper-string-parser/-/helper-string-parser-7.29.7.tgz 1429ms (cache miss)
864 http fetch GET 200 https://registry.npmjs.org/loose-envify/-/loose-envify-1.4.0.tgz 1545ms (cache miss)
865 http fetch GET 200 https://registry.npmjs.org/@types/babel__generator/-/babel__generator-7.27.0.tgz 1559ms (cache miss)
866 http fetch GET 200 https://registry.npmjs.org/esbuild/-/esbuild-0.21.5.tgz 1715ms (cache miss)
867 http fetch GET 200 https://registry.npmjs.org/@babel/helper-plugin-utils/-/helper-plugin-utils-7.29.7.tgz 1714ms (cache miss)
868 http fetch GET 200 https://registry.npmjs.org/update-browserslist-db/-/update-browserslist-db-1.2.3.tgz 1744ms (cache miss)
869 http fetch GET 200 https://registry.npmjs.org/lru-cache/-/lru-cache-5.1.1.tgz 1757ms (cache miss)
870 http fetch GET 200 https://registry.npmjs.org/picocolors/-/picocolors-1.1.1.tgz 1842ms (cache miss)
871 http fetch GET 200 https://registry.npmjs.org/@babel/helper-globals/-/helper-globals-7.29.7.tgz 1927ms (cache miss)
872 http fetch GET 200 https://registry.npmjs.org/baseline-browser-mapping/-/baseline-browser-mapping-2.10.36.tgz 1954ms (cache miss)
873 http fetch GET 200 https://registry.npmjs.org/escalade/-/escalade-3.2.0.tgz 1980ms (cache miss)
874 http fetch GET 200 https://registry.npmjs.org/@types/babel__traverse/-/babel__traverse-7.28.0.tgz 1982ms (cache miss)
875 http fetch GET 200 https://registry.npmjs.org/@jridgewell/resolve-uri/-/resolve-uri-3.1.2.tgz 2100ms (cache miss)
876 http fetch GET 200 https://registry.npmjs.org/convert-source-map/-/convert-source-map-2.0.0.tgz 2159ms (cache miss)
877 http fetch GET 200 https://registry.npmjs.org/react-refresh/-/react-refresh-0.17.0.tgz 2186ms (cache miss)
878 http fetch GET 200 https://registry.npmjs.org/@babel/helper-validator-option/-/helper-validator-option-7.29.7.tgz 2222ms (cache miss)
879 http fetch GET 200 https://registry.npmjs.org/gensync/-/gensync-1.0.0-beta.2.tgz 2263ms (cache miss)
880 http fetch GET 200 https://registry.npmjs.org/js-tokens/-/js-tokens-4.0.0.tgz 2266ms (cache miss)
881 http fetch GET 200 https://registry.npmjs.org/@babel/plugin-transform-react-jsx-source/-/plugin-transform-react-jsx-source-7.29.7.tgz 2286ms (cache miss)
882 http fetch GET 200 https://registry.npmjs.org/jsesc/-/jsesc-3.1.0.tgz 2326ms (cache miss)
883 http fetch GET 200 https://registry.npmjs.org/@babel/plugin-transform-react-jsx-self/-/plugin-transform-react-jsx-self-7.29.7.tgz 2314ms (cache miss)
884 http fetch GET 200 https://registry.npmjs.org/@rolldown/pluginutils/-/pluginutils-1.0.0-beta.27.tgz 2412ms (cache miss)
885 http fetch GET 200 https://registry.npmjs.org/@babel/helper-validator-identifier/-/helper-validator-identifier-7.29.7.tgz 2444ms (cache miss)
886 http fetch GET 200 https://registry.npmjs.org/@babel/helper-module-imports/-/helper-module-imports-7.29.7.tgz 2468ms (cache miss)
887 http fetch GET 200 https://registry.npmjs.org/debug/-/debug-4.4.3.tgz 2519ms (cache miss)
888 http fetch GET 200 https://registry.npmjs.org/semver/-/semver-6.3.1.tgz 2547ms (cache miss)
889 http fetch GET 200 https://registry.npmjs.org/@types/babel__core/-/babel__core-7.20.5.tgz 2587ms (cache miss)
890 http fetch GET 200 https://registry.npmjs.org/@babel/code-frame/-/code-frame-7.29.7.tgz 2642ms (cache miss)
891 http fetch GET 200 https://registry.npmjs.org/browserslist/-/browserslist-4.28.2.tgz 2679ms (cache miss)
892 http fetch GET 200 https://registry.npmjs.org/scheduler/-/scheduler-0.23.2.tgz 2714ms (cache miss)
893 http fetch GET 200 https://registry.npmjs.org/@babel/compat-data/-/compat-data-7.29.7.tgz 2721ms (cache miss)
894 http fetch GET 200 https://registry.npmjs.org/nanoid/-/nanoid-3.3.12.tgz 2869ms (cache miss)
895 http fetch GET 200 https://registry.npmjs.org/source-map-js/-/source-map-js-1.2.1.tgz 2895ms (cache miss)
896 http fetch GET 200 https://registry.npmjs.org/@vitejs/plugin-react/-/plugin-react-4.7.0.tgz 2870ms (cache miss)
897 http fetch GET 200 https://registry.npmjs.org/@babel/helper-compilation-targets/-/helper-compilation-targets-7.29.7.tgz 2971ms (cache miss)
898 http fetch GET 200 https://registry.npmjs.org/@babel/template/-/template-7.29.7.tgz 3028ms (cache miss)
899 http fetch GET 200 https://registry.npmjs.org/json5/-/json5-2.2.3.tgz 3113ms (cache miss)
900 http fetch GET 200 https://registry.npmjs.org/@jridgewell/sourcemap-codec/-/sourcemap-codec-1.5.5.tgz 3127ms (cache miss)
901 http fetch GET 200 https://registry.npmjs.org/@babel/helper-module-transforms/-/helper-module-transforms-7.29.7.tgz 3164ms (cache miss)
902 http fetch GET 200 https://registry.npmjs.org/@jridgewell/gen-mapping/-/gen-mapping-0.3.13.tgz 3292ms (cache miss)
903 http fetch GET 200 https://registry.npmjs.org/esbuild 2905ms (cache miss)
904 silly packumentCache corgi:https://registry.npmjs.org/esbuild set size:undefined disposed:false
905 http fetch GET 200 https://registry.npmjs.org/react/-/react-18.3.1.tgz 3374ms (cache miss)
906 http fetch GET 200 https://registry.npmjs.org/@jridgewell/remapping/-/remapping-2.3.5.tgz 3418ms (cache miss)
907 http fetch GET 200 https://registry.npmjs.org/@rollup/rollup-win32-x64-gnu/-/rollup-win32-x64-gnu-4.61.1.tgz 3637ms (cache miss)
908 http fetch GET 200 https://registry.npmjs.org/postcss/-/postcss-8.5.15.tgz 3738ms (cache miss)
909 http fetch GET 200 https://registry.npmjs.org/@babel/parser/-/parser-7.29.7.tgz 3722ms (cache miss)
910 http fetch GET 200 https://registry.npmjs.org/@jridgewell/trace-mapping/-/trace-mapping-0.3.31.tgz 3756ms (cache miss)
911 http fetch GET 200 https://registry.npmjs.org/vite 3564ms (cache miss)
912 silly packumentCache corgi:https://registry.npmjs.org/vite set size:undefined disposed:false
913 http fetch GET 200 https://registry.npmjs.org/@babel/generator/-/generator-7.29.7.tgz 4084ms (cache miss)
914 silly packumentCache corgi:https://registry.npmjs.org/@vitejs%2fplugin-react cache-miss
915 http fetch GET 200 https://registry.npmjs.org/rollup/-/rollup-4.61.1.tgz 4483ms (cache miss)
916 http fetch GET 200 https://registry.npmjs.org/@babel/traverse/-/traverse-7.29.7.tgz 4477ms (cache miss)
917 http fetch GET 200 https://registry.npmjs.org/@vitejs%2fplugin-react 455ms (cache miss)
918 silly packumentCache corgi:https://registry.npmjs.org/@vitejs%2fplugin-react set size:undefined disposed:false
919 http fetch GET 200 https://registry.npmjs.org/vite/-/vite-5.4.21.tgz 5166ms (cache miss)
920 http fetch GET 200 https://registry.npmjs.org/react-dom/-/react-dom-18.3.1.tgz 5263ms (cache miss)
921 http fetch GET 200 https://registry.npmjs.org/@babel/core/-/core-7.29.7.tgz 5618ms (cache miss)
922 http fetch GET 200 https://registry.npmjs.org/@esbuild/win32-x64/-/win32-x64-0.21.5.tgz 5769ms (cache miss)
923 http fetch GET 200 https://registry.npmjs.org/@babel/types/-/types-7.29.7.tgz 6288ms (cache miss)
924 http fetch GET 200 https://registry.npmjs.org/@babel/helpers/-/helpers-7.29.7.tgz 6389ms (cache miss)
925 http fetch GET 200 https://registry.npmjs.org/caniuse-lite/-/caniuse-lite-1.0.30001799.tgz 8723ms (cache miss)
926 info run esbuild@0.21.5 postinstall node_modules/esbuild node install.js
927 info run esbuild@0.21.5 postinstall { code: 0, signal: null }
928 silly ADD node_modules/@types/estree
929 silly ADD node_modules/@rollup/rollup-win32-x64-msvc
930 silly ADD node_modules/@rollup/rollup-win32-x64-gnu
931 silly ADD
932 silly ADD
933 silly ADD
934 silly ADD
935 silly ADD
936 silly ADD
937 silly ADD
938 silly ADD
939 silly ADD
940 silly ADD
941 silly ADD
942 silly ADD
943 silly ADD
944 silly ADD
945 silly ADD
946 silly ADD
947 silly ADD
948 silly ADD
949 silly ADD
950 silly ADD
951 silly ADD
952 silly ADD
953 silly ADD
954 silly ADD node_modules/source-map-js
955 silly ADD node_modules/nanoid
956 silly ADD node_modules/@esbuild/win32-x64
957 silly ADD
958 silly ADD
959 silly ADD
960 silly ADD
961 silly ADD
962 silly ADD
963 silly ADD
964 silly ADD
965 silly ADD
966 silly ADD
967 silly ADD
968 silly ADD
969 silly ADD
970 silly ADD
971 silly ADD
972 silly ADD
973 silly ADD
974 silly ADD
975 silly ADD
976 silly ADD
977 silly ADD
978 silly ADD
979 silly ADD node_modules/rollup
980 silly ADD node_modules/postcss
981 silly ADD
982 silly ADD node_modules/esbuild
983 silly ADD node_modules/escalade
984 silly ADD node_modules/scheduler
985 silly ADD node_modules/loose-envify
986 silly ADD node_modules/yallist
987 silly ADD node_modules/ms
988 silly ADD node_modules/update-browserslist-db
989 silly ADD node_modules/node-releases
990 silly ADD node_modules/electron-to-chromium
991 silly ADD node_modules/caniuse-lite
992 silly ADD node_modules/baseline-browser-mapping
993 silly ADD node_modules/@types/babel__traverse
994 silly ADD node_modules/@types/babel__template
995 silly ADD node_modules/@types/babel__generator
996 silly ADD node_modules/@jridgewell/resolve-uri
997 silly ADD node_modules/@jridgewell/sourcemap-codec
998 silly ADD node_modules/@babel/helper-string-parser
999 silly ADD node_modules/@babel/helper-globals
1000 silly ADD node_modules/@babel/helper-plugin-utils
1001 silly ADD node_modules/@babel/helper-module-imports
1002 silly ADD node_modules/lru-cache
1003 silly ADD node_modules/browserslist
1004 silly ADD node_modules/@babel/helper-validator-option
1005 silly ADD node_modules/@babel/compat-data
1006 silly ADD node_modules/jsesc
1007 silly ADD node_modules/@jridgewell/trace-mapping
1008 silly ADD node_modules/@jridgewell/gen-mapping
1009 silly ADD node_modules/picocolors
1010 silly ADD node_modules/js-tokens
1011 silly ADD node_modules/@babel/helper-validator-identifier
1012 silly ADD node_modules/semver
1013 silly ADD node_modules/json5
1014 silly ADD node_modules/gensync
1015 silly ADD node_modules/debug
1016 silly ADD node_modules/convert-source-map
1017 silly ADD node_modules/@jridgewell/remapping
1018 silly ADD node_modules/@babel/types
1019 silly ADD node_modules/@babel/traverse
1020 silly ADD node_modules/@babel/template
1021 silly ADD node_modules/@babel/parser
1022 silly ADD node_modules/@babel/helpers
1023 silly ADD node_modules/@babel/helper-module-transforms
1024 silly ADD node_modules/@babel/helper-compilation-targets
1025 silly ADD node_modules/@babel/generator
1026 silly ADD node_modules/@babel/code-frame
1027 silly ADD node_modules/react-refresh
1028 silly ADD node_modules/@types/babel__core
1029 silly ADD node_modules/@rolldown/pluginutils
1030 silly ADD node_modules/@babel/plugin-transform-react-jsx-source
1031 silly ADD node_modules/@babel/plugin-transform-react-jsx-self
1032 silly ADD node_modules/@babel/core
1033 silly ADD node_modules/react-dom
1034 silly ADD node_modules/react
1035 silly ADD node_modules/vite
1036 silly ADD node_modules/@vitejs/plugin-react
1037 verbose cwd E:\ci-demo
1038 verbose os Windows_NT 10.0.19045
1039 verbose node v22.18.0
1040 verbose npm  v10.9.3
1041 notice
1041 notice New [31mmajor[39m version of npm available! [31m10.9.3[39m -> [34m11.16.0[39m
1041 notice Changelog: [34mhttps://github.com/npm/cli/releases/tag/v11.16.0[39m
1041 notice To update run: [4mnpm install -g npm@11.16.0[24m
1041 notice  { force: true, [Symbol(proc-log.meta)]: true }
1042 verbose exit 0
1043 info ok
