0 verbose cli C:\nvm4w\nodejs\node.exe C:\nvm4w\nodejs\node_modules\npm\bin\npm-cli.js
1 info using npm@10.9.3
2 info using node@v22.18.0
3 silly config load:file:C:\Users\Chrislove Nestor\AppData\Local\nvm\v22.18.0\node_modules\npm\npmrc
4 silly config load:file:C:\Users\Chrislove Nestor\.npmrc
5 silly config load:file:C:\Users\Chrislove Nestor\AppData\Roaming\npm\etc\npmrc
6 verbose title npm install npm@11.16.0
7 verbose argv "install" "--global" "npm@11.16.0"
8 verbose logfile logs-max:10 dir:E:\ci-demo\%LocalAppData%\npm-cache\_logs\2026-06-11T17_53_29_344Z-
9 verbose logfile E:\ci-demo\%LocalAppData%\npm-cache\_logs\2026-06-11T17_53_29_344Z-debug-0.log
10 silly logfile done cleaning log files
11 http fetch GET 200 https://registry.npmjs.org/npm 2248ms (cache miss)
12 silly packumentCache heap:2154299392 maxSize:538574848 maxEntrySize:269287424
13 silly idealTree buildDeps
14 silly fetch manifest npm@11.16.0
15 silly packumentCache full:https://registry.npmjs.org/npm cache-miss
16 http fetch GET 200 https://registry.npmjs.org/npm 3108ms (cache miss)
17 silly packumentCache full:https://registry.npmjs.org/npm set size:undefined disposed:false
18 silly placeDep ROOT npm@11.16.0 OK for:  want: 11.16.0
19 silly reify moves {}
20 http cache npm@https://registry.npmjs.org/npm/-/npm-11.16.0.tgz 1ms (cache hit)
21 silly tarball no local data for npm@https://registry.npmjs.org/npm/-/npm-11.16.0.tgz. Extracting by manifest.
22 http fetch GET 200 https://registry.npmjs.org/npm/-/npm-11.16.0.tgz 12074ms (cache miss)
23 silly ADD node_modules/npm
24 verbose cwd E:\ci-demo
25 verbose os Windows_NT 10.0.19045
26 verbose node v22.18.0
27 verbose npm  v10.9.3
28 verbose exit 0
29 info ok
